---
source: tests/spec/emit/functions.rs
description: |
  
  fn test() -> string {
    let f = || -> string {
      let x = 1
      let x = f"was {x}"
      x
    }
    f()
  }
---
package main

import "fmt"

func test() string {
	f := func() string {
		x := 1
		x_1 := fmt.Sprintf("was %d", x)
		return x_1
	}
	return f()
}
