---
source: tests/spec/emit/expressions.rs
description: |
  
  fn side() -> int { 1 }
  
  fn get_y() -> Result<int, error> { Ok(2) }
  
  fn add(_a: int, _b: int) -> int { 0 }
  
  fn run() -> Result<int, error> {
    Ok(add(side(), get_y()?))
  }
---
package main

func side() int {
	return 1
}

func getY() (int, error) {
	return 2, nil
}

func add(_, _ int) int {
	return 0
}

func run() (int, error) {
	arg_3 := side()
	ret_1, ret_2 := getY()
	if ret_2 != nil {
		return 0, ret_2
	}
	return add(arg_3, ret_1), nil
}
