---
source: tests/spec/emit/expressions.rs
description: |
  
  fn make_range() -> Range<int> { 0..2 }
  
  fn main() {
    let s = [1, 2, 3];
    let sub = s[make_range()];
    let range_1 = 7;
    let _ = sub;
    let _ = range_1;
  }
---
package main

import lisette "github.com/ivov/lisette/prelude"

func makeRange() lisette.Range[int] {
	return lisette.Range[int]{
		Start: 0,
		End:   2,
	}
}

func main() {
	s := []int{1, 2, 3}
	range_1 := makeRange()
	sub := s[range_1.Start:range_1.End:range_1.End]
	range_1_2 := 7
	_ = sub
	_ = range_1_2
}
