---
source: tests/spec/emit/control_flow.rs
description: |
  
  fn get_end() -> int { 5 }
  
  fn test() -> int {
    let mut sum = 0;
    for i in 0..get_end() {
      sum = sum + i;
    };
    sum
  }
---
package main

func getEnd() int {
	return 5
}

func test() int {
	sum := 0
	bound_1 := getEnd()
	for i := range bound_1 {
		sum += i
	}
	return sum
}
