---
source: tests/spec/emit/result_option_patterns.rs
description: |
  
  import "go:net"
  
  fn main() {
    match net.SplitHostPort("localhost:8080") {
      Ok((host, port)) => {
        let _ = host
        let _ = port
        ()
      },
      Err(e) => {
        let _ = e
        ()
      },
    }
  }
---
package main

import (
	lisette "github.com/ivov/lisette/prelude"
	"net"
)

func main() {
	ret_1, ret_2, ret_3 := net.SplitHostPort("localhost:8080")
	tup_4 := lisette.MakeTuple2(ret_1, ret_2)
	var result_5 lisette.Result[lisette.Tuple2[string, string], error]
	if ret_3 != nil {
		result_5 = lisette.MakeResultErr[lisette.Tuple2[string, string], error](ret_3)
	} else {
		result_5 = lisette.MakeResultOk[lisette.Tuple2[string, string], error](tup_4)
	}
	if result_5.Tag == lisette.ResultOk {
		_ = result_5.OkVal.First
		_ = result_5.OkVal.Second
	} else {
		_ = result_5.ErrVal
	}
}
