---
source: tests/spec/emit/imports.rs
description: |
  
  import "go:container/ring"
  
  fn test() -> int {
    let r = ring.Ring { Value: 1, .. }
    match assert_type<int>(r.Value) {
      Some(n) => n,
      None => 0,
    }
  }
---
package main

import "container/ring"

func test() int {
	r := ring.Ring{Value: 1}
	ret_1, ok_2 := r.Value.(int)
	if ok_2 {
		n := ret_1
		return n
	} else {
		return 0
	}
}
