---
source: tests/spec/emit/expressions.rs
description: |
  
  fn test() -> int {
    let val = if true {
      let val = 100;
      val + 1
    } else {
      0
    }
    val
  }
---
package main

func test() int {
	var val_1 int
	if true {
		val := 100
		val_1 = val + 1
	} else {
		val_1 = 0
	}
	return val_1
}
