---
source: tests/spec/emit/interop_matrix.rs
description: |
  
  import "go:example.com/aws"
  
  fn main() {
    let mut xs = Map.new<string, Option<string>>()
    xs["k"] = Some("hi")
    xs["gone"] = None
    aws.Use(xs)
  }
---
package main

import (
	"example.com/aws"
	lisette "github.com/ivov/lisette/prelude"
)

func main() {
	xs := make(map[string]lisette.Option[string])
	xs["k"] = lisette.MakeOptionSome("hi")
	xs["gone"] = lisette.MakeOptionNone[string]()
	unwrapped_1 := make(map[string]*string, len(xs))
	for i_2, v_3 := range xs {
		if v_3.Tag == lisette.OptionSome {
			unwrapped_1[i_2] = &v_3.SomeVal
		} else {
			unwrapped_1[i_2] = nil
		}
	}
	aws.Use(unwrapped_1)
}
