---
source: tests/spec/emit/interop_matrix.rs
description: |
  
  import "go:go/ast"
  
  type Objects = mut Map<string, Option<mut Ref<ast.Object>>>
  
  fn main() {
    let mut obj = ast.Object {
      Kind: ast.Bad,
      Name: "x",
      Decl: None,
      Data: None,
      Type: None,
    }
    let mut objects: Objects = Map.new<string, Option<mut Ref<ast.Object>>>()
    objects["present"] = Some(&obj)
    objects["absent"] = None
    let scope = ast.Scope {
      Outer: None,
      Objects: Some(objects),
    }
    let _ = scope
  }
---
package main

import (
	lisette "github.com/ivov/lisette/prelude"
	"go/ast"
)

type Objects = map[string]lisette.Option[*ast.Object]

func main() {
	obj := ast.Object{
		Kind: ast.Bad,
		Name: "x",
		Decl: lisette.MakeOptionNone[any](),
		Data: lisette.MakeOptionNone[any](),
		Type: lisette.MakeOptionNone[any](),
	}
	objects := make(map[string]lisette.Option[*ast.Object])
	objects["present"] = lisette.MakeOptionSome(&obj)
	objects["absent"] = lisette.MakeOptionNone[*ast.Object]()
	opt_1 := lisette.MakeOptionNone[*ast.Scope]()
	var unwrap_2 *ast.Scope
	if opt_1.Tag == lisette.OptionSome {
		unwrap_2 = opt_1.SomeVal
	}
	opt_3 := lisette.MakeOptionSome(objects)
	var unwrap_4 map[string]*ast.Object
	if opt_3.Tag == lisette.OptionSome {
		src_5 := opt_3.SomeVal
		unwrapped_6 := make(map[string]*ast.Object, len(src_5))
		for i_7, v_8 := range src_5 {
			if v_8.Tag == lisette.OptionSome {
				unwrapped_6[i_7] = v_8.SomeVal
			} else {
				unwrapped_6[i_7] = nil
			}
		}
		unwrap_4 = unwrapped_6
	}
	scope := ast.Scope{
		Outer:   unwrap_2,
		Objects: unwrap_4,
	}
	_ = scope
}
