---
source: tests/spec/emit/types.rs
description: |
  
  pub interface Cloner<T: Cloner<T>> {
    fn clone() -> T
  }
  
  struct Foo{}
  
  impl Foo {
    fn clone(self) -> Foo { Foo{} }
  }
  
  fn squiggle<A: Cloner<B>, B>(_: A, _: B) {}
  
  fn main() {
    squiggle(Foo{}, Foo{})
  }
---
package main

type Cloner[T any] interface {
	Clone() T
}

type Foo struct{}

func (f Foo) Clone() Foo {
	return Foo{}
}

func squiggle[A Cloner[B], B any](_ A, _ B) {}

func main() {
	squiggle(Foo{}, Foo{})
}
