---
source: tests/spec/emit/interop_matrix.rs
description: |
  
  import "go:example.com/reg"
  
  fn main() {
    match reg.Lookup() {
      Some(idx) => { let _ = idx },
      None => { let _ = 0 },
    }
  }
---
package main

import "example.com/reg"

func main() {
	ret_1 := reg.Lookup()
	if ret_1 != nil {
		idx := ret_1
		_ = idx
	}
}
