---
source: tests/spec/emit/interop_matrix.rs
description: |
  
  import "go:bufio"
  import "go:fmt"
  import "go:io"
  import "go:os"
  
  fn main() {
    let mut reader = bufio.NewReader(os.Stdin)
    while true {
      let r = match reader.ReadRune() {
        Ok((r, _)) => r,
        Err(io.EOF) => break,
        Err(_) => panic("error"),
      }
      fmt.Printf("%c", r)
    }
  }
---
package main

import (
	"bufio"
	"fmt"
	lisette "github.com/ivov/lisette/prelude"
	"io"
	"os"
)

func main() {
	reader := bufio.NewReader(os.Stdin)
	for {
		var r_1 rune
		ret_2, ret_3, ret_4 := reader.ReadRune()
		tup_5 := lisette.MakeTuple2(ret_2, ret_3)
		var result_6 lisette.Result[lisette.Tuple2[rune, int], error]
		if ret_4 != nil {
			result_6 = lisette.MakeResultErr[lisette.Tuple2[rune, int], error](ret_4)
		} else {
			result_6 = lisette.MakeResultOk[lisette.Tuple2[rune, int], error](tup_5)
		}
		if result_6.Tag == lisette.ResultOk {
			r_1 = result_6.OkVal.First
		} else {
			if result_6.ErrVal == io.EOF {
				break
			}
			panic("error")
		}
		fmt.Printf("%c", r_1)
	}
}
