---
source: tests/spec/emit/patterns.rs
description: |
  
  import "go:example.com/events"
  
  fn handle(e: events.Event) -> int {
    match e {
      events.Click { x, y } => x + y,
      events.KeyPress { .. } => -1,
      events.Resize { .. } => 0,
      _ => 0,
    }
  }
---
package main

import "example.com/events"

func handle(e events.Event) int {
	switch e := e.(type) {
	case events.Click:
		return e.X + e.Y
	case events.KeyPress:
		return -1
	case events.Resize:
		return 0
	default:
		return 0
	}
}
