---
source: tests/spec/emit/result_option_patterns.rs
description: |
  
  fn die() -> Never { panic("dead") }
  
  fn test(flag: bool) -> Result<int, string> {
    if flag {
      try {
        let _ = Ok(1)?;
        die()
      }
    } else {
      Ok(42)
    }
  }
---
package main

import lisette "github.com/ivov/lisette/prelude"

func die() struct{} {
	panic("dead")
}

func test(flag bool) lisette.Result[int, string] {
	if flag {
		tryResult_1 := func() lisette.Result[int, string] {
			check_2 := lisette.MakeResultOk[int, string](1)
			if check_2.Tag != lisette.ResultOk {
				return lisette.MakeResultErr[int, string](check_2.ErrVal)
			}
			die()
			panic("unreachable")
		}()
		return tryResult_1
	}
	return lisette.MakeResultOk[int, string](42)
}
