---
source: tests/spec/emit/arrays.rs
description: |
  
  struct Box<K: Comparable> {
    table: Map<K, int>,
  }
  
  fn f<T: Comparable>(b: Box<Array<T, 2>>) -> int {
    b.table.length()
  }
---
package main

type Box[K comparable] struct {
	table map[K]int
}

func f[T comparable](b Box[[2]T]) int {
	return len(b.table)
}
