---
source: tests/spec/emit/patterns.rs
description: |
  
  import "go:example.com/shapes"
  
  fn area(shapes.Rect { W: w, H: h }: shapes.Shape) -> int {
    w * h
  }
---
package main

import "example.com/shapes"

func area(arg_1 shapes.Shape) int {
	asserted_2 := arg_1.(shapes.Rect)
	w := asserted_2.W
	h := asserted_2.H
	return w * h
}
