---
source: tests/spec/emit/recover.rs
description: |
  
  fn test() {
    let result = recover {
      let x = 1;
      let y = 2;
      x + y
    };
  }
---
package main

import lisette "github.com/ivov/lisette/prelude"

func test() {
	recoverResult_1 := lisette.RecoverBlock(func() int {
		x := 1
		y := 2
		return x + y
	})
	_ = recoverResult_1
}
