---
source: tests/spec/emit/expressions.rs
description: |
  
  struct Wrap(Slice<int>)
  
  fn main() {
    let mut w = Wrap([1])
    let mut r = &w
    r.* = Wrap(r.0.append(2))
    let _ = w
  }
---
package main

type Wrap []int

func main() {
	w := Wrap([]int{1})
	r := &w
	ref_2 := r
	recv_1 := ([]int)(*r)
	*ref_2 = Wrap(append(recv_1[:len(recv_1):len(recv_1)], 2))
	_ = w
}
