---
source: tests/spec/emit/go_interface_adapter.rs
description: |
  
  interface Failing<T> {
    fn get() -> T
  }
  
  struct Boom {}
  
  impl Boom {
    fn get(self) -> Result<int, error> {
      Ok(1)
    }
  }
  
  fn bail() -> Result<int, Failing<Result<int, error>>> {
    return Err(Boom {})
  }
  
  fn main() {
    match bail() {
      Ok(_) => panic("expected error"),
      Err(_) => {},
    }
  }
---
package main

import lisette "github.com/ivov/lisette/prelude"

type Failing[T any] interface {
	get() T
}

type Boom struct{}

func (b Boom) get() (int, error) {
	return 1, nil
}

func bail() (int, Failing[lisette.Result[int, error]]) {
	return 0, _lisAdapter_Boom_Failing_0{inner: Boom{}}
}

func main() {
	_, err_1 := bail()
	if err_1 == nil {
		panic("expected error")
	}
}

type _lisAdapter_Boom_Failing_0 struct {
	inner Boom
}

func (a _lisAdapter_Boom_Failing_0) get() lisette.Result[int, error] {
	ret_1, ret_2 := a.inner.get()
	if ret_2 != nil {
		return lisette.MakeResultErr[int, error](ret_2)
	} else {
		return lisette.MakeResultOk[int, error](ret_1)
	}
}
