---
source: tests/spec/emit/partial.rs
description: |
  
  import "go:fmt"
  import "go:os"
  
  fn main() {
    if let Partial.Ok(_) = os.ReadDir(".") {
      fmt.Println("ok")
    }
  }
---
package main

import (
	"fmt"
	"os"
)

func main() {
	_, err_1 := os.ReadDir(".")
	if err_1 == nil {
		fmt.Println("ok")
	}
}
