---
source: tests/spec/emit/concurrency.rs
description: |
  
  fn get(ch: Channel<int>) -> Channel<int> {
    ch
  }
  
  fn main() {
    let ch = Channel.buffered<int>(1)
  
    select {
      (&get(ch)).send(1) => { let _ = 0 },
      _ => { let _ = 1 },
    }
  
    let ref_1 = 2
    let _ = ref_1
  }
---
package main

func get(ch chan int) chan int {
	return ch
}

func main() {
	ch := make(chan int, 1)
	ref_1 := get(ch)
	select {
	case ref_1 <- 1:
	default:
	}
	ref_1_2 := 2
	_ = ref_1_2
}
