---
source: tests/spec/emit/prelude.rs
description: |
  
  type Suffix = RangeFrom<int>
  fn test(xs: Slice<int>, r: Suffix) -> Slice<int> {
    xs[r]
  }
---
package main

import lisette "github.com/ivov/lisette/prelude"

type Suffix = lisette.RangeFrom[int]

func test(xs []int, r Suffix) []int {
	return xs[r.Start:len(xs):len(xs)]
}
