---
source: tests/spec/emit/types.rs
description: |
  
  struct Box<T> { value: T }
  
  impl Box<int> {
    fn make<U>(self) -> U { panic("boom") }
  }
  
  fn test() {
    let b = Box { value: 1 };
    let x: string = b.make();
    let _ = x;
  }
---
package main

type Box[T any] struct {
	value T
}

func Box_make[U any](_ Box[int]) U {
	panic("boom")
}

func test() {
	b := Box[int]{value: 1}
	x := Box_make[string](b)
	_ = x
}
