---
source: tests/spec/emit/result_option_patterns.rs
description: |
  
  fn test() -> Result<(), string> {
    let mut x = 0
    let r = try {
      let _ = Ok(1)?
      x = 1
    }
    let _ = x
    r
  }
---
package main

import lisette "github.com/ivov/lisette/prelude"

func test() lisette.Result[struct{}, string] {
	x := 0
	var r lisette.Result[struct{}, string]
	tryResult_1 := func() lisette.Result[struct{}, string] {
		check_2 := lisette.MakeResultOk[int, string](1)
		if check_2.Tag != lisette.ResultOk {
			return lisette.MakeResultErr[struct{}, string](check_2.ErrVal)
		}
		x = 1
		return lisette.MakeResultOk[struct{}, string](struct{}{})
	}()
	r = tryResult_1
	_ = x
	return r
}
