---
source: tests/spec/emit/types.rs
description: |
  
  struct UserId(int)
  
  impl UserId {
    fn String(self) -> string {
      "custom"
    }
  }
  
  fn main() {
    let u = UserId(1)
    let _ = u
  }
---
package main

type UserId int

func (u UserId) String() string {
	return "custom"
}

func main() {
	u := UserId(1)
	_ = u
}
