---
source: tests/spec/emit/result_option_patterns.rs
description: |
  
  fn load(r: Result<int, error>) -> Result<int, error> {
    let n = r.wrap_err("loading config")?
    Ok(n)
  }
---
package main

import lisette "github.com/ivov/lisette/prelude"

func load(r lisette.Result[int, error]) (int, error) {
	check_1 := lisette.ResultWrapErr(r, "loading config")
	if check_1.Tag != lisette.ResultOk {
		return 0, check_1.ErrVal
	}
	n := check_1.OkVal
	return n, nil
}
