// Generated by Lisette bindgen
// Source: maps (Go stdlib)
// Go: 1.26.7
// Lisette: 0.12.1

import "go:iter"

/// All returns an iterator over key-value pairs from m.
/// The iteration order is not specified and is not guaranteed
/// to be the same from one call to the next.
#[go(collapsed_type_params, "Map<K, V>, K, V")]
pub fn All<K: Comparable, V>(m: Map<K, V>) -> iter.Seq2<K, V>

/// Clone returns a copy of m.  This is a shallow clone:
/// the new keys and values are set using ordinary assignment.
#[go(collapsed_type_params, "Map<K, V>, K, V")]
pub fn Clone<K: Comparable, V>(m: Map<K, V>) -> mut Map<K, V>

/// Collect collects key-value pairs from seq into a new map
/// and returns it.
pub fn Collect<K: Comparable, V>(seq: iter.Seq2<K, V>) -> Map<K, V>

/// Copy copies all key/value pairs in src adding them to dst.
/// When a key in src is already present in dst,
/// the value in dst will be overwritten by the value associated
/// with the key in src.
#[go(collapsed_type_params, "Map<K, V>, Map<K, V>, K, V")]
pub fn Copy<K: Comparable, V>(dst: mut Map<K, V>, src: Map<K, V>)

/// DeleteFunc deletes any key/value pairs from m for which del returns true.
#[go(collapsed_type_params, "Map<K, V>, K, V")]
pub fn DeleteFunc<K: Comparable, V>(m: mut Map<K, V>, del: fn(K, V) -> bool)

/// Equal reports whether two maps contain the same key/value pairs.
/// Values are compared using ==.
#[go(collapsed_type_params, "Map<K, V>, Map<K, V>, K, V")]
pub fn Equal<K: Comparable, V: Comparable>(m1: Map<K, V>, m2: Map<K, V>) -> bool

/// EqualFunc is like Equal, but compares values using eq.
/// Keys are still compared with ==.
#[go(collapsed_type_params, "Map<K, V1>, Map<K, V2>, K, V1, V2")]
pub fn EqualFunc<K: Comparable, V1, V2>(
  m1: Map<K, V1>,
  m2: Map<K, V2>,
  eq: fn(V1, V2) -> bool,
) -> bool

/// Insert adds the key-value pairs from seq to m.
/// If a key in seq already exists in m, its value will be overwritten.
#[go(collapsed_type_params, "Map<K, V>, K, V")]
pub fn Insert<K: Comparable, V>(m: mut Map<K, V>, seq: iter.Seq2<K, V>)

/// Keys returns an iterator over keys in m.
/// The iteration order is not specified and is not guaranteed
/// to be the same from one call to the next.
#[go(collapsed_type_params, "Map<K, V>, K, V")]
pub fn Keys<K: Comparable, V>(m: Map<K, V>) -> iter.Seq<K>

/// Values returns an iterator over values in m.
/// The iteration order is not specified and is not guaranteed
/// to be the same from one call to the next.
#[go(collapsed_type_params, "Map<K, V>, K, V")]
pub fn Values<K: Comparable, V>(m: Map<K, V>) -> iter.Seq<V>
