// Generated by Lisette bindgen
// Source: unicode (Go stdlib)
// Go: 1.26.7
// Lisette: 0.12.1

/// In reports whether the rune is a member of one of the ranges.
pub fn In(r: rune, ranges: VarArgs<Ref<RangeTable>>) -> bool

/// Is reports whether the rune is in the specified table of ranges.
pub fn Is(rangeTab: Ref<RangeTable>, r: rune) -> bool

/// IsControl reports whether the rune is a control character.
/// The [C] ([Other]) Unicode category includes more code points
/// such as surrogates; use [Is](C, r) to test for them.
pub fn IsControl(r: rune) -> bool

/// IsDigit reports whether the rune is a decimal digit.
pub fn IsDigit(r: rune) -> bool

/// IsGraphic reports whether the rune is defined as a Graphic by Unicode.
/// Such characters include letters, marks, numbers, punctuation, symbols, and
/// spaces, from categories [L], [M], [N], [P], [S], [Zs].
pub fn IsGraphic(r: rune) -> bool

/// IsLetter reports whether the rune is a letter (category [L]).
pub fn IsLetter(r: rune) -> bool

/// IsLower reports whether the rune is a lower case letter.
pub fn IsLower(r: rune) -> bool

/// IsMark reports whether the rune is a mark character (category [M]).
pub fn IsMark(r: rune) -> bool

/// IsNumber reports whether the rune is a number (category [N]).
pub fn IsNumber(r: rune) -> bool

/// IsOneOf reports whether the rune is a member of one of the ranges.
/// The function "In" provides a nicer signature and should be used in preference to IsOneOf.
pub fn IsOneOf(ranges: Slice<Ref<RangeTable>>, r: rune) -> bool

/// IsPrint reports whether the rune is defined as printable by Go. Such
/// characters include letters, marks, numbers, punctuation, symbols, and the
/// ASCII space character, from categories [L], [M], [N], [P], [S] and the ASCII space
/// character. This categorization is the same as [IsGraphic] except that the
/// only spacing character is ASCII space, U+0020.
pub fn IsPrint(r: rune) -> bool

/// IsPunct reports whether the rune is a Unicode punctuation character
/// (category [P]).
pub fn IsPunct(r: rune) -> bool

/// IsSpace reports whether the rune is a space character as defined
/// by Unicode's White Space property; in the Latin-1 space
/// this is
/// 
/// 	'\t', '\n', '\v', '\f', '\r', ' ', U+0085 (NEL), U+00A0 (NBSP).
/// 
/// Other definitions of spacing characters are set by category
/// Z and property [Pattern_White_Space].
pub fn IsSpace(r: rune) -> bool

/// IsSymbol reports whether the rune is a symbolic character.
pub fn IsSymbol(r: rune) -> bool

/// IsTitle reports whether the rune is a title case letter.
pub fn IsTitle(r: rune) -> bool

/// IsUpper reports whether the rune is an upper case letter.
pub fn IsUpper(r: rune) -> bool

/// SimpleFold iterates over Unicode code points equivalent under
/// the Unicode-defined simple case folding. Among the code points
/// equivalent to rune (including rune itself), SimpleFold returns the
/// smallest rune > r if one exists, or else the smallest rune >= 0.
/// If r is not a valid Unicode code point, SimpleFold(r) returns r.
/// 
/// For example:
/// 
/// 	SimpleFold('A') = 'a'
/// 	SimpleFold('a') = 'A'
/// 
/// 	SimpleFold('K') = 'k'
/// 	SimpleFold('k') = '\u212A' (Kelvin symbol, K)
/// 	SimpleFold('\u212A') = 'K'
/// 
/// 	SimpleFold('1') = '1'
/// 
/// 	SimpleFold(-2) = -2
pub fn SimpleFold(r: rune) -> rune

/// To maps the rune to the specified case: [UpperCase], [LowerCase], or [TitleCase].
pub fn To(_case: int, r: rune) -> rune

/// ToLower maps the rune to lower case.
pub fn ToLower(r: rune) -> rune

/// ToTitle maps the rune to title case.
pub fn ToTitle(r: rune) -> rune

/// ToUpper maps the rune to upper case.
pub fn ToUpper(r: rune) -> rune

/// CaseRange represents a range of Unicode code points for simple (one
/// code point to one code point) case conversion.
/// The range runs from Lo to Hi inclusive, with a fixed stride of 1. Deltas
/// are the number to add to the code point to reach the code point for a
/// different case for that character. They may be negative. If zero, it
/// means the character is in the corresponding case. There is a special
/// case representing sequences of alternating corresponding Upper and Lower
/// pairs. It appears with a fixed Delta of
/// 
/// 	{UpperLower, UpperLower, UpperLower}
/// 
/// The constant UpperLower has an otherwise impossible delta value.
pub struct CaseRange {
  pub Lo: uint32,
  pub Hi: uint32,
  pub Delta: Array<rune, 3>,
}

/// Range16 represents of a range of 16-bit Unicode code points. The range runs from Lo to Hi
/// inclusive and has the specified stride.
pub struct Range16 {
  pub Lo: uint16,
  pub Hi: uint16,
  pub Stride: uint16,
}

/// Range32 represents of a range of Unicode code points and is used when one or
/// more of the values will not fit in 16 bits. The range runs from Lo to Hi
/// inclusive and has the specified stride. Lo and Hi must always be >= 1<<16.
pub struct Range32 {
  pub Lo: uint32,
  pub Hi: uint32,
  pub Stride: uint32,
}

/// RangeTable defines a set of Unicode code points by listing the ranges of
/// code points within the set. The ranges are listed in two slices
/// to save space: a slice of 16-bit ranges and a slice of 32-bit ranges.
/// The two slices must be in sorted order and non-overlapping.
/// Also, R32 should contain only values >= 0x10000 (1<<16).
pub struct RangeTable {
  pub R16: mut Slice<Range16>,
  pub R32: mut Slice<Range32>,
  pub LatinOffset: int,
}

/// SpecialCase represents language-specific case mappings such as Turkish.
/// Methods of SpecialCase customize (by overriding) the standard mappings.
pub struct SpecialCase(mut Slice<CaseRange>)

/// Indices into the Delta arrays inside CaseRanges for case mapping.
pub const LowerCase = 1

pub const MaxASCII = 127

/// Indices into the Delta arrays inside CaseRanges for case mapping.
pub const MaxCase = 3

pub const MaxLatin1 = 255

pub const MaxRune = 1114111

pub const ReplacementChar = 65533

/// Indices into the Delta arrays inside CaseRanges for case mapping.
pub const TitleCase = 2

/// Indices into the Delta arrays inside CaseRanges for case mapping.
pub const UpperCase = 0

/// If the Delta field of a [CaseRange] is UpperLower, it means
/// this CaseRange represents a sequence of the form (say)
/// [Upper] [Lower] [Upper] [Lower].
pub const UpperLower = 1114112

/// Version is the Unicode edition from which the tables are derived.
pub const Version = "15.0.0"

/// These variables have type *RangeTable.
pub var ASCII_Hex_Digit: mut Ref<RangeTable>

/// These variables have type *RangeTable.
pub var Adlam: mut Ref<RangeTable>

/// These variables have type *RangeTable.
pub var Ahom: mut Ref<RangeTable>

/// These variables have type *RangeTable.
pub var Anatolian_Hieroglyphs: mut Ref<RangeTable>

/// These variables have type *RangeTable.
pub var Arabic: mut Ref<RangeTable>

/// These variables have type *RangeTable.
pub var Armenian: mut Ref<RangeTable>

/// These variables have type *RangeTable.
pub var Avestan: mut Ref<RangeTable>

pub var AzeriCase: mut SpecialCase

/// These variables have type *RangeTable.
pub var Balinese: mut Ref<RangeTable>

/// These variables have type *RangeTable.
pub var Bamum: mut Ref<RangeTable>

/// These variables have type *RangeTable.
pub var Bassa_Vah: mut Ref<RangeTable>

/// These variables have type *RangeTable.
pub var Batak: mut Ref<RangeTable>

/// These variables have type *RangeTable.
pub var Bengali: mut Ref<RangeTable>

/// These variables have type *RangeTable.
pub var Bhaiksuki: mut Ref<RangeTable>

/// These variables have type *RangeTable.
pub var Bidi_Control: mut Ref<RangeTable>

/// These variables have type *RangeTable.
pub var Bopomofo: mut Ref<RangeTable>

/// These variables have type *RangeTable.
pub var Brahmi: mut Ref<RangeTable>

/// These variables have type *RangeTable.
pub var Braille: mut Ref<RangeTable>

/// These variables have type *RangeTable.
pub var Buginese: mut Ref<RangeTable>

/// These variables have type *RangeTable.
pub var Buhid: mut Ref<RangeTable>

/// These variables have type *RangeTable.
pub var C: mut Ref<RangeTable>

/// These variables have type *RangeTable.
pub var Canadian_Aboriginal: mut Ref<RangeTable>

/// These variables have type *RangeTable.
pub var Carian: mut Ref<RangeTable>

/// CaseRanges is the table describing case mappings for all letters with
/// non-self mappings.
pub var CaseRanges: mut Slice<CaseRange>

/// Categories is the set of Unicode category tables.
pub var Categories: mut Map<string, mut Ref<RangeTable>>

/// CategoryAliases maps category aliases to standard category names.
pub var CategoryAliases: mut Map<string, string>

/// These variables have type *RangeTable.
pub var Caucasian_Albanian: mut Ref<RangeTable>

/// These variables have type *RangeTable.
pub var Cc: mut Ref<RangeTable>

/// These variables have type *RangeTable.
pub var Cf: mut Ref<RangeTable>

/// These variables have type *RangeTable.
pub var Chakma: mut Ref<RangeTable>

/// These variables have type *RangeTable.
pub var Cham: mut Ref<RangeTable>

/// These variables have type *RangeTable.
pub var Cherokee: mut Ref<RangeTable>

/// These variables have type *RangeTable.
pub var Chorasmian: mut Ref<RangeTable>

/// These variables have type *RangeTable.
pub var Cn: mut Ref<RangeTable>

/// These variables have type *RangeTable.
pub var Co: mut Ref<RangeTable>

/// These variables have type *RangeTable.
pub var Common: mut Ref<RangeTable>

/// These variables have type *RangeTable.
pub var Coptic: mut Ref<RangeTable>

/// These variables have type *RangeTable.
pub var Cs: mut Ref<RangeTable>

/// These variables have type *RangeTable.
pub var Cuneiform: mut Ref<RangeTable>

/// These variables have type *RangeTable.
pub var Cypriot: mut Ref<RangeTable>

/// These variables have type *RangeTable.
pub var Cypro_Minoan: mut Ref<RangeTable>

/// These variables have type *RangeTable.
pub var Cyrillic: mut Ref<RangeTable>

/// These variables have type *RangeTable.
pub var Dash: mut Ref<RangeTable>

/// These variables have type *RangeTable.
pub var Deprecated: mut Ref<RangeTable>

/// These variables have type *RangeTable.
pub var Deseret: mut Ref<RangeTable>

/// These variables have type *RangeTable.
pub var Devanagari: mut Ref<RangeTable>

/// These variables have type *RangeTable.
pub var Diacritic: mut Ref<RangeTable>

/// These variables have type *RangeTable.
pub var Digit: mut Ref<RangeTable>

/// These variables have type *RangeTable.
pub var Dives_Akuru: mut Ref<RangeTable>

/// These variables have type *RangeTable.
pub var Dogra: mut Ref<RangeTable>

/// These variables have type *RangeTable.
pub var Duployan: mut Ref<RangeTable>

/// These variables have type *RangeTable.
pub var Egyptian_Hieroglyphs: mut Ref<RangeTable>

/// These variables have type *RangeTable.
pub var Elbasan: mut Ref<RangeTable>

/// These variables have type *RangeTable.
pub var Elymaic: mut Ref<RangeTable>

/// These variables have type *RangeTable.
pub var Ethiopic: mut Ref<RangeTable>

/// These variables have type *RangeTable.
pub var Extender: mut Ref<RangeTable>

/// FoldCategory maps a category name to a table of
/// code points outside the category that are equivalent under
/// simple case folding to code points inside the category.
/// If there is no entry for a category name, there are no such points.
pub var FoldCategory: mut Map<string, mut Ref<RangeTable>>

/// FoldScript maps a script name to a table of
/// code points outside the script that are equivalent under
/// simple case folding to code points inside the script.
/// If there is no entry for a script name, there are no such points.
pub var FoldScript: mut Map<string, mut Ref<RangeTable>>

/// These variables have type *RangeTable.
pub var Georgian: mut Ref<RangeTable>

/// These variables have type *RangeTable.
pub var Glagolitic: mut Ref<RangeTable>

/// These variables have type *RangeTable.
pub var Gothic: mut Ref<RangeTable>

/// These variables have type *RangeTable.
pub var Grantha: mut Ref<RangeTable>

/// GraphicRanges defines the set of graphic characters according to Unicode.
pub var GraphicRanges: mut Slice<mut Ref<RangeTable>>

/// These variables have type *RangeTable.
pub var Greek: mut Ref<RangeTable>

/// These variables have type *RangeTable.
pub var Gujarati: mut Ref<RangeTable>

/// These variables have type *RangeTable.
pub var Gunjala_Gondi: mut Ref<RangeTable>

/// These variables have type *RangeTable.
pub var Gurmukhi: mut Ref<RangeTable>

/// These variables have type *RangeTable.
pub var Han: mut Ref<RangeTable>

/// These variables have type *RangeTable.
pub var Hangul: mut Ref<RangeTable>

/// These variables have type *RangeTable.
pub var Hanifi_Rohingya: mut Ref<RangeTable>

/// These variables have type *RangeTable.
pub var Hanunoo: mut Ref<RangeTable>

/// These variables have type *RangeTable.
pub var Hatran: mut Ref<RangeTable>

/// These variables have type *RangeTable.
pub var Hebrew: mut Ref<RangeTable>

/// These variables have type *RangeTable.
pub var Hex_Digit: mut Ref<RangeTable>

/// These variables have type *RangeTable.
pub var Hiragana: mut Ref<RangeTable>

/// These variables have type *RangeTable.
pub var Hyphen: mut Ref<RangeTable>

/// These variables have type *RangeTable.
pub var IDS_Binary_Operator: mut Ref<RangeTable>

/// These variables have type *RangeTable.
pub var IDS_Trinary_Operator: mut Ref<RangeTable>

/// These variables have type *RangeTable.
pub var Ideographic: mut Ref<RangeTable>

/// These variables have type *RangeTable.
pub var Imperial_Aramaic: mut Ref<RangeTable>

/// These variables have type *RangeTable.
pub var Inherited: mut Ref<RangeTable>

/// These variables have type *RangeTable.
pub var Inscriptional_Pahlavi: mut Ref<RangeTable>

/// These variables have type *RangeTable.
pub var Inscriptional_Parthian: mut Ref<RangeTable>

/// These variables have type *RangeTable.
pub var Javanese: mut Ref<RangeTable>

/// These variables have type *RangeTable.
pub var Join_Control: mut Ref<RangeTable>

/// These variables have type *RangeTable.
pub var Kaithi: mut Ref<RangeTable>

/// These variables have type *RangeTable.
pub var Kannada: mut Ref<RangeTable>

/// These variables have type *RangeTable.
pub var Katakana: mut Ref<RangeTable>

/// These variables have type *RangeTable.
pub var Kawi: mut Ref<RangeTable>

/// These variables have type *RangeTable.
pub var Kayah_Li: mut Ref<RangeTable>

/// These variables have type *RangeTable.
pub var Kharoshthi: mut Ref<RangeTable>

/// These variables have type *RangeTable.
pub var Khitan_Small_Script: mut Ref<RangeTable>

/// These variables have type *RangeTable.
pub var Khmer: mut Ref<RangeTable>

/// These variables have type *RangeTable.
pub var Khojki: mut Ref<RangeTable>

/// These variables have type *RangeTable.
pub var Khudawadi: mut Ref<RangeTable>

/// These variables have type *RangeTable.
pub var L: mut Ref<RangeTable>

/// These variables have type *RangeTable.
pub var LC: mut Ref<RangeTable>

/// These variables have type *RangeTable.
pub var Lao: mut Ref<RangeTable>

/// These variables have type *RangeTable.
pub var Latin: mut Ref<RangeTable>

/// These variables have type *RangeTable.
pub var Lepcha: mut Ref<RangeTable>

/// These variables have type *RangeTable.
pub var Letter: mut Ref<RangeTable>

/// These variables have type *RangeTable.
pub var Limbu: mut Ref<RangeTable>

/// These variables have type *RangeTable.
pub var Linear_A: mut Ref<RangeTable>

/// These variables have type *RangeTable.
pub var Linear_B: mut Ref<RangeTable>

/// These variables have type *RangeTable.
pub var Lisu: mut Ref<RangeTable>

/// These variables have type *RangeTable.
pub var Ll: mut Ref<RangeTable>

/// These variables have type *RangeTable.
pub var Lm: mut Ref<RangeTable>

/// These variables have type *RangeTable.
pub var Lo: mut Ref<RangeTable>

/// These variables have type *RangeTable.
pub var Logical_Order_Exception: mut Ref<RangeTable>

/// These variables have type *RangeTable.
pub var Lower: mut Ref<RangeTable>

/// These variables have type *RangeTable.
pub var Lt: mut Ref<RangeTable>

/// These variables have type *RangeTable.
pub var Lu: mut Ref<RangeTable>

/// These variables have type *RangeTable.
pub var Lycian: mut Ref<RangeTable>

/// These variables have type *RangeTable.
pub var Lydian: mut Ref<RangeTable>

/// These variables have type *RangeTable.
pub var M: mut Ref<RangeTable>

/// These variables have type *RangeTable.
pub var Mahajani: mut Ref<RangeTable>

/// These variables have type *RangeTable.
pub var Makasar: mut Ref<RangeTable>

/// These variables have type *RangeTable.
pub var Malayalam: mut Ref<RangeTable>

/// These variables have type *RangeTable.
pub var Mandaic: mut Ref<RangeTable>

/// These variables have type *RangeTable.
pub var Manichaean: mut Ref<RangeTable>

/// These variables have type *RangeTable.
pub var Marchen: mut Ref<RangeTable>

/// These variables have type *RangeTable.
pub var Mark: mut Ref<RangeTable>

/// These variables have type *RangeTable.
pub var Masaram_Gondi: mut Ref<RangeTable>

/// These variables have type *RangeTable.
pub var Mc: mut Ref<RangeTable>

/// These variables have type *RangeTable.
pub var Me: mut Ref<RangeTable>

/// These variables have type *RangeTable.
pub var Medefaidrin: mut Ref<RangeTable>

/// These variables have type *RangeTable.
pub var Meetei_Mayek: mut Ref<RangeTable>

/// These variables have type *RangeTable.
pub var Mende_Kikakui: mut Ref<RangeTable>

/// These variables have type *RangeTable.
pub var Meroitic_Cursive: mut Ref<RangeTable>

/// These variables have type *RangeTable.
pub var Meroitic_Hieroglyphs: mut Ref<RangeTable>

/// These variables have type *RangeTable.
pub var Miao: mut Ref<RangeTable>

/// These variables have type *RangeTable.
pub var Mn: mut Ref<RangeTable>

/// These variables have type *RangeTable.
pub var Modi: mut Ref<RangeTable>

/// These variables have type *RangeTable.
pub var Mongolian: mut Ref<RangeTable>

/// These variables have type *RangeTable.
pub var Mro: mut Ref<RangeTable>

/// These variables have type *RangeTable.
pub var Multani: mut Ref<RangeTable>

/// These variables have type *RangeTable.
pub var Myanmar: mut Ref<RangeTable>

/// These variables have type *RangeTable.
pub var N: mut Ref<RangeTable>

/// These variables have type *RangeTable.
pub var Nabataean: mut Ref<RangeTable>

/// These variables have type *RangeTable.
pub var Nag_Mundari: mut Ref<RangeTable>

/// These variables have type *RangeTable.
pub var Nandinagari: mut Ref<RangeTable>

/// These variables have type *RangeTable.
pub var Nd: mut Ref<RangeTable>

/// These variables have type *RangeTable.
pub var New_Tai_Lue: mut Ref<RangeTable>

/// These variables have type *RangeTable.
pub var Newa: mut Ref<RangeTable>

/// These variables have type *RangeTable.
pub var Nko: mut Ref<RangeTable>

/// These variables have type *RangeTable.
pub var Nl: mut Ref<RangeTable>

/// These variables have type *RangeTable.
pub var No: mut Ref<RangeTable>

/// These variables have type *RangeTable.
pub var Noncharacter_Code_Point: mut Ref<RangeTable>

/// These variables have type *RangeTable.
pub var Number: mut Ref<RangeTable>

/// These variables have type *RangeTable.
pub var Nushu: mut Ref<RangeTable>

/// These variables have type *RangeTable.
pub var Nyiakeng_Puachue_Hmong: mut Ref<RangeTable>

/// These variables have type *RangeTable.
pub var Ogham: mut Ref<RangeTable>

/// These variables have type *RangeTable.
pub var Ol_Chiki: mut Ref<RangeTable>

/// These variables have type *RangeTable.
pub var Old_Hungarian: mut Ref<RangeTable>

/// These variables have type *RangeTable.
pub var Old_Italic: mut Ref<RangeTable>

/// These variables have type *RangeTable.
pub var Old_North_Arabian: mut Ref<RangeTable>

/// These variables have type *RangeTable.
pub var Old_Permic: mut Ref<RangeTable>

/// These variables have type *RangeTable.
pub var Old_Persian: mut Ref<RangeTable>

/// These variables have type *RangeTable.
pub var Old_Sogdian: mut Ref<RangeTable>

/// These variables have type *RangeTable.
pub var Old_South_Arabian: mut Ref<RangeTable>

/// These variables have type *RangeTable.
pub var Old_Turkic: mut Ref<RangeTable>

/// These variables have type *RangeTable.
pub var Old_Uyghur: mut Ref<RangeTable>

/// These variables have type *RangeTable.
pub var Oriya: mut Ref<RangeTable>

/// These variables have type *RangeTable.
pub var Osage: mut Ref<RangeTable>

/// These variables have type *RangeTable.
pub var Osmanya: mut Ref<RangeTable>

/// These variables have type *RangeTable.
pub var Other: mut Ref<RangeTable>

/// These variables have type *RangeTable.
pub var Other_Alphabetic: mut Ref<RangeTable>

/// These variables have type *RangeTable.
pub var Other_Default_Ignorable_Code_Point: mut Ref<RangeTable>

/// These variables have type *RangeTable.
pub var Other_Grapheme_Extend: mut Ref<RangeTable>

/// These variables have type *RangeTable.
pub var Other_ID_Continue: mut Ref<RangeTable>

/// These variables have type *RangeTable.
pub var Other_ID_Start: mut Ref<RangeTable>

/// These variables have type *RangeTable.
pub var Other_Lowercase: mut Ref<RangeTable>

/// These variables have type *RangeTable.
pub var Other_Math: mut Ref<RangeTable>

/// These variables have type *RangeTable.
pub var Other_Uppercase: mut Ref<RangeTable>

/// These variables have type *RangeTable.
pub var P: mut Ref<RangeTable>

/// These variables have type *RangeTable.
pub var Pahawh_Hmong: mut Ref<RangeTable>

/// These variables have type *RangeTable.
pub var Palmyrene: mut Ref<RangeTable>

/// These variables have type *RangeTable.
pub var Pattern_Syntax: mut Ref<RangeTable>

/// These variables have type *RangeTable.
pub var Pattern_White_Space: mut Ref<RangeTable>

/// These variables have type *RangeTable.
pub var Pau_Cin_Hau: mut Ref<RangeTable>

/// These variables have type *RangeTable.
pub var Pc: mut Ref<RangeTable>

/// These variables have type *RangeTable.
pub var Pd: mut Ref<RangeTable>

/// These variables have type *RangeTable.
pub var Pe: mut Ref<RangeTable>

/// These variables have type *RangeTable.
pub var Pf: mut Ref<RangeTable>

/// These variables have type *RangeTable.
pub var Phags_Pa: mut Ref<RangeTable>

/// These variables have type *RangeTable.
pub var Phoenician: mut Ref<RangeTable>

/// These variables have type *RangeTable.
pub var Pi: mut Ref<RangeTable>

/// These variables have type *RangeTable.
pub var Po: mut Ref<RangeTable>

/// These variables have type *RangeTable.
pub var Prepended_Concatenation_Mark: mut Ref<RangeTable>

/// PrintRanges defines the set of printable characters according to Go.
/// ASCII space, U+0020, is handled separately.
pub var PrintRanges: mut Slice<mut Ref<RangeTable>>

/// Properties is the set of Unicode property tables.
pub var Properties: mut Map<string, mut Ref<RangeTable>>

/// These variables have type *RangeTable.
pub var Ps: mut Ref<RangeTable>

/// These variables have type *RangeTable.
pub var Psalter_Pahlavi: mut Ref<RangeTable>

/// These variables have type *RangeTable.
pub var Punct: mut Ref<RangeTable>

/// These variables have type *RangeTable.
pub var Quotation_Mark: mut Ref<RangeTable>

/// These variables have type *RangeTable.
pub var Radical: mut Ref<RangeTable>

/// These variables have type *RangeTable.
pub var Regional_Indicator: mut Ref<RangeTable>

/// These variables have type *RangeTable.
pub var Rejang: mut Ref<RangeTable>

/// These variables have type *RangeTable.
pub var Runic: mut Ref<RangeTable>

/// These variables have type *RangeTable.
pub var S: mut Ref<RangeTable>

/// These variables have type *RangeTable.
pub var STerm: mut Ref<RangeTable>

/// These variables have type *RangeTable.
pub var Samaritan: mut Ref<RangeTable>

/// These variables have type *RangeTable.
pub var Saurashtra: mut Ref<RangeTable>

/// These variables have type *RangeTable.
pub var Sc: mut Ref<RangeTable>

/// Scripts is the set of Unicode script tables.
pub var Scripts: mut Map<string, mut Ref<RangeTable>>

/// These variables have type *RangeTable.
pub var Sentence_Terminal: mut Ref<RangeTable>

/// These variables have type *RangeTable.
pub var Sharada: mut Ref<RangeTable>

/// These variables have type *RangeTable.
pub var Shavian: mut Ref<RangeTable>

/// These variables have type *RangeTable.
pub var Siddham: mut Ref<RangeTable>

/// These variables have type *RangeTable.
pub var SignWriting: mut Ref<RangeTable>

/// These variables have type *RangeTable.
pub var Sinhala: mut Ref<RangeTable>

/// These variables have type *RangeTable.
pub var Sk: mut Ref<RangeTable>

/// These variables have type *RangeTable.
pub var Sm: mut Ref<RangeTable>

/// These variables have type *RangeTable.
pub var So: mut Ref<RangeTable>

/// These variables have type *RangeTable.
pub var Soft_Dotted: mut Ref<RangeTable>

/// These variables have type *RangeTable.
pub var Sogdian: mut Ref<RangeTable>

/// These variables have type *RangeTable.
pub var Sora_Sompeng: mut Ref<RangeTable>

/// These variables have type *RangeTable.
pub var Soyombo: mut Ref<RangeTable>

/// These variables have type *RangeTable.
pub var Space: mut Ref<RangeTable>

/// These variables have type *RangeTable.
pub var Sundanese: mut Ref<RangeTable>

/// These variables have type *RangeTable.
pub var Syloti_Nagri: mut Ref<RangeTable>

/// These variables have type *RangeTable.
pub var Symbol: mut Ref<RangeTable>

/// These variables have type *RangeTable.
pub var Syriac: mut Ref<RangeTable>

/// These variables have type *RangeTable.
pub var Tagalog: mut Ref<RangeTable>

/// These variables have type *RangeTable.
pub var Tagbanwa: mut Ref<RangeTable>

/// These variables have type *RangeTable.
pub var Tai_Le: mut Ref<RangeTable>

/// These variables have type *RangeTable.
pub var Tai_Tham: mut Ref<RangeTable>

/// These variables have type *RangeTable.
pub var Tai_Viet: mut Ref<RangeTable>

/// These variables have type *RangeTable.
pub var Takri: mut Ref<RangeTable>

/// These variables have type *RangeTable.
pub var Tamil: mut Ref<RangeTable>

/// These variables have type *RangeTable.
pub var Tangsa: mut Ref<RangeTable>

/// These variables have type *RangeTable.
pub var Tangut: mut Ref<RangeTable>

/// These variables have type *RangeTable.
pub var Telugu: mut Ref<RangeTable>

/// These variables have type *RangeTable.
pub var Terminal_Punctuation: mut Ref<RangeTable>

/// These variables have type *RangeTable.
pub var Thaana: mut Ref<RangeTable>

/// These variables have type *RangeTable.
pub var Thai: mut Ref<RangeTable>

/// These variables have type *RangeTable.
pub var Tibetan: mut Ref<RangeTable>

/// These variables have type *RangeTable.
pub var Tifinagh: mut Ref<RangeTable>

/// These variables have type *RangeTable.
pub var Tirhuta: mut Ref<RangeTable>

/// These variables have type *RangeTable.
pub var Title: mut Ref<RangeTable>

/// These variables have type *RangeTable.
pub var Toto: mut Ref<RangeTable>

pub var TurkishCase: mut SpecialCase

/// These variables have type *RangeTable.
pub var Ugaritic: mut Ref<RangeTable>

/// These variables have type *RangeTable.
pub var Unified_Ideograph: mut Ref<RangeTable>

/// These variables have type *RangeTable.
pub var Upper: mut Ref<RangeTable>

/// These variables have type *RangeTable.
pub var Vai: mut Ref<RangeTable>

/// These variables have type *RangeTable.
pub var Variation_Selector: mut Ref<RangeTable>

/// These variables have type *RangeTable.
pub var Vithkuqi: mut Ref<RangeTable>

/// These variables have type *RangeTable.
pub var Wancho: mut Ref<RangeTable>

/// These variables have type *RangeTable.
pub var Warang_Citi: mut Ref<RangeTable>

/// These variables have type *RangeTable.
pub var White_Space: mut Ref<RangeTable>

/// These variables have type *RangeTable.
pub var Yezidi: mut Ref<RangeTable>

/// These variables have type *RangeTable.
pub var Yi: mut Ref<RangeTable>

/// These variables have type *RangeTable.
pub var Z: mut Ref<RangeTable>

/// These variables have type *RangeTable.
pub var Zanabazar_Square: mut Ref<RangeTable>

/// These variables have type *RangeTable.
pub var Zl: mut Ref<RangeTable>

/// These variables have type *RangeTable.
pub var Zp: mut Ref<RangeTable>

/// These variables have type *RangeTable.
pub var Zs: mut Ref<RangeTable>

impl SpecialCase {
  /// ToLower maps the rune to lower case giving priority to the special mapping.
  fn ToLower(self, r: rune) -> rune

  /// ToTitle maps the rune to title case giving priority to the special mapping.
  fn ToTitle(self, r: rune) -> rune

  /// ToUpper maps the rune to upper case giving priority to the special mapping.
  fn ToUpper(self, r: rune) -> rune
}
