// Generated by Lisette bindgen
// Source: debug/plan9obj (Go stdlib)
// Go: 1.26.7
// Lisette: 0.12.1

import "go:io"

/// NewFile creates a new [File] for accessing a Plan 9 binary in an underlying reader.
/// The Plan 9 binary is expected to start at position 0 in the ReaderAt.
pub fn NewFile(r: io.ReaderAt) -> Result<mut Ref<File>, error>

/// Open opens the named file using [os.Open] and prepares it for use as a Plan 9 a.out binary.
pub fn Open(name: string) -> Result<mut Ref<File>, error>

/// A File represents an open Plan 9 a.out file.
#[go(hidden_fields)]
pub struct File {
  embed FileHeader,
  pub Sections: mut Slice<Option<mut Ref<Section>>>,
}

/// A FileHeader represents a Plan 9 a.out file header.
pub struct FileHeader {
  pub Magic: uint32,
  pub Bss: uint32,
  pub Entry: uint64,
  pub PtrSize: int,
  pub LoadAddress: uint64,
  pub HdrSize: uint64,
}

/// A Section represents a single section in a Plan 9 a.out file.
#[go(hidden_embed)]
#[go(hidden_fields)]
#[go(zero_unsafe)]
pub struct Section {
  embed SectionHeader,
  pub ReaderAt: Option<io.ReaderAt>,
}

/// A SectionHeader represents a single Plan 9 a.out section header.
/// This structure doesn't exist on-disk, but eases navigation
/// through the object file.
pub struct SectionHeader {
  pub Name: string,
  pub Size: uint32,
  pub Offset: uint32,
}

/// A Symbol represents an entry in a Plan 9 a.out symbol table section.
pub struct Sym {
  pub Value: uint64,
  pub Type: rune,
  pub Name: string,
}

pub const Magic386 = 491

pub const Magic64 = 0x8000

pub const MagicAMD64 = 35479

pub const MagicARM = 1607

/// ErrNoSymbols is returned by [File.Symbols] if there is no such section
/// in the File.
pub var ErrNoSymbols: error

impl File {
  /// Close closes the [File].
  /// If the [File] was created using [NewFile] directly instead of [Open],
  /// Close has no effect.
  #[allow(unused_result)]
  fn Close(self: mut Ref<File>) -> Result<(), error>

  /// Section returns a section with the given name, or nil if no such
  /// section exists.
  fn Section(self: Ref<File>, name: string) -> Option<mut Ref<Section>>

  /// Symbols returns the symbol table for f.
  fn Symbols(self: Ref<File>) -> Result<Slice<Sym>, error>
}

impl Section {
  /// Data reads and returns the contents of the Plan 9 a.out section.
  fn Data(self: Ref<Section>) -> Result<mut Slice<byte>, error>

  /// Open returns a new ReadSeeker reading the Plan 9 a.out section.
  fn Open(self: Ref<Section>) -> io.ReadSeeker

  fn ReadAt(self, p: mut Slice<byte>, off: int64) -> Partial<int, error>
}
