// Generated by Lisette bindgen
// Source: crypto/hkdf (Go stdlib)
// Go: 1.26.7
// Lisette: 0.12.1

import "go:hash"

/// Expand derives a key from the given hash, key, and optional context info,
/// returning a []byte of length keyLength that can be used as cryptographic key.
/// The extraction step is skipped.
/// 
/// The key should have been generated by [Extract], or be a uniformly
/// random or pseudorandom cryptographically strong key. See RFC 5869, Section
/// 3.3. Most common scenarios will want to use [Key] instead.
pub fn Expand<H: hash.Hash>(
  h: fn() -> H,
  pseudorandomKey: Slice<byte>,
  info: string,
  keyLength: int,
) -> Result<mut Slice<byte>, error>

/// Extract generates a pseudorandom key for use with [Expand] from an input
/// secret and an optional independent salt.
/// 
/// Only use this function if you need to reuse the extracted key with multiple
/// Expand invocations and different context values. Most common scenarios,
/// including the generation of multiple keys, should use [Key] instead.
pub fn Extract<H: hash.Hash>(
  h: fn() -> H,
  secret: Slice<byte>,
  salt: Slice<byte>,
) -> Result<mut Slice<byte>, error>

/// Key derives a key from the given hash, secret, salt and context info,
/// returning a []byte of length keyLength that can be used as cryptographic key.
/// Salt and info can be nil.
pub fn Key<Hash: hash.Hash>(
  h: fn() -> Hash,
  secret: Slice<byte>,
  salt: Slice<byte>,
  info: string,
  keyLength: int,
) -> Result<mut Slice<byte>, error>
