// Generated by Lisette bindgen
// Source: crypto/hpke (Go stdlib)
// Go: 1.26.7
// Lisette: 0.12.1

import "go:crypto"
import "go:crypto/ecdh"

/// AES128GCM returns an AES-128-GCM AEAD implementation.
pub fn AES128GCM() -> AEAD

/// AES256GCM returns an AES-256-GCM AEAD implementation.
pub fn AES256GCM() -> AEAD

/// ChaCha20Poly1305 returns a ChaCha20Poly1305 AEAD implementation.
pub fn ChaCha20Poly1305() -> AEAD

/// DHKEM returns a KEM implementing one of
/// 
///   - DHKEM(P-256, HKDF-SHA256)
///   - DHKEM(P-384, HKDF-SHA384)
///   - DHKEM(P-521, HKDF-SHA512)
///   - DHKEM(X25519, HKDF-SHA256)
/// 
/// depending on curve.
pub fn DHKEM(curve: Option<ecdh.Curve>) -> KEM

/// ExportOnly returns a placeholder AEAD implementation that cannot encrypt or
/// decrypt, but only export secrets with [Sender.Export] or [Recipient.Export].
/// 
/// When this is used, [Sender.Seal] and [Recipient.Open] return errors.
pub fn ExportOnly() -> AEAD

/// HKDFSHA256 returns an HKDF-SHA256 KDF implementation.
pub fn HKDFSHA256() -> KDF

/// HKDFSHA384 returns an HKDF-SHA384 KDF implementation.
pub fn HKDFSHA384() -> KDF

/// HKDFSHA512 returns an HKDF-SHA512 KDF implementation.
pub fn HKDFSHA512() -> KDF

/// MLKEM1024 returns a KEM implementing ML-KEM-1024 from draft-ietf-hpke-pq.
pub fn MLKEM1024() -> KEM

/// MLKEM1024P384 returns a KEM implementing MLKEM1024-P384 from draft-ietf-hpke-pq.
pub fn MLKEM1024P384() -> KEM

/// MLKEM768 returns a KEM implementing ML-KEM-768 from draft-ietf-hpke-pq.
pub fn MLKEM768() -> KEM

/// MLKEM768P256 returns a KEM implementing MLKEM768-P256 from draft-ietf-hpke-pq.
pub fn MLKEM768P256() -> KEM

/// MLKEM768X25519 returns a KEM implementing MLKEM768-X25519 (a.k.a. X-Wing)
/// from draft-ietf-hpke-pq.
pub fn MLKEM768X25519() -> KEM

/// NewAEAD returns the AEAD implementation for the given AEAD ID.
/// 
/// Applications are encouraged to use specific implementations like [AES128GCM]
/// or [ChaCha20Poly1305] instead, unless runtime agility is required.
pub fn NewAEAD(id: uint16) -> Result<AEAD, error>

/// NewDHKEMPrivateKey returns a PrivateKey implementing
/// 
///   - DHKEM(P-256, HKDF-SHA256)
///   - DHKEM(P-384, HKDF-SHA384)
///   - DHKEM(P-521, HKDF-SHA512)
///   - DHKEM(X25519, HKDF-SHA256)
/// 
/// depending on the underlying curve of priv ([ecdh.X25519], [ecdh.P256],
/// [ecdh.P384], or [ecdh.P521]).
/// 
/// This function is meant for applications that already have an instantiated
/// crypto/ecdh private key, or another implementation of a [ecdh.KeyExchanger]
/// (e.g. a hardware key). Otherwise, applications should use the
/// [KEM.NewPrivateKey] method of [DHKEM].
pub fn NewDHKEMPrivateKey(priv: ecdh.KeyExchanger) -> Result<PrivateKey, error>

/// NewDHKEMPublicKey returns a PublicKey implementing
/// 
///   - DHKEM(P-256, HKDF-SHA256)
///   - DHKEM(P-384, HKDF-SHA384)
///   - DHKEM(P-521, HKDF-SHA512)
///   - DHKEM(X25519, HKDF-SHA256)
/// 
/// depending on the underlying curve of pub ([ecdh.X25519], [ecdh.P256],
/// [ecdh.P384], or [ecdh.P521]).
/// 
/// This function is meant for applications that already have an instantiated
/// crypto/ecdh public key. Otherwise, applications should use the
/// [KEM.NewPublicKey] method of [DHKEM].
pub fn NewDHKEMPublicKey(pub_: Ref<ecdh.PublicKey>) -> Result<PublicKey, error>

/// NewHybridPrivateKey returns a PrivateKey implementing
/// 
///   - MLKEM768-X25519 (a.k.a. X-Wing)
///   - MLKEM768-P256
///   - MLKEM1024-P384
/// 
/// from draft-ietf-hpke-pq, depending on the underlying curve of t
/// ([ecdh.X25519], [ecdh.P256], or [ecdh.P384]) and the type of pq.Encapsulator()
/// (either *[mlkem.EncapsulationKey768] or *[mlkem.EncapsulationKey1024]).
/// 
/// This function is meant for applications that already have instantiated
/// crypto/ecdh and crypto/mlkem private keys, or another implementation of a
/// [ecdh.KeyExchanger] and [crypto.Decapsulator] (e.g. a hardware key).
/// Otherwise, applications should use the [KEM.NewPrivateKey] method of e.g.
/// [MLKEM768X25519].
pub fn NewHybridPrivateKey(
  pq: crypto.Decapsulator,
  t: ecdh.KeyExchanger,
) -> Result<PrivateKey, error>

/// NewHybridPublicKey returns a PublicKey implementing one of
/// 
///   - MLKEM768-X25519 (a.k.a. X-Wing)
///   - MLKEM768-P256
///   - MLKEM1024-P384
/// 
/// from draft-ietf-hpke-pq, depending on the underlying curve of t
/// ([ecdh.X25519], [ecdh.P256], or [ecdh.P384]) and the type of pq (either
/// *[mlkem.EncapsulationKey768] or *[mlkem.EncapsulationKey1024]).
/// 
/// This function is meant for applications that already have instantiated
/// crypto/ecdh and crypto/mlkem public keys. Otherwise, applications should use
/// the [KEM.NewPublicKey] method of e.g. [MLKEM768X25519].
pub fn NewHybridPublicKey(
  pq: crypto.Encapsulator,
  t: Ref<ecdh.PublicKey>,
) -> Result<PublicKey, error>

/// NewKDF returns the KDF implementation for the given KDF ID.
/// 
/// Applications are encouraged to use specific implementations like [HKDFSHA256]
/// instead, unless runtime agility is required.
pub fn NewKDF(id: uint16) -> Result<KDF, error>

/// NewKEM returns the KEM implementation for the given KEM ID.
/// 
/// Applications are encouraged to use specific implementations like [DHKEM] or
/// [MLKEM768X25519] instead, unless runtime agility is required.
pub fn NewKEM(id: uint16) -> Result<KEM, error>

/// NewMLKEMPrivateKey returns a KEMPrivateKey implementing
/// 
///   - ML-KEM-768
///   - ML-KEM-1024
/// 
/// from draft-ietf-hpke-pq, depending on the type of priv.Encapsulator()
/// (either *[mlkem.EncapsulationKey768] or *[mlkem.EncapsulationKey1024]).
/// 
/// This function is meant for applications that already have an instantiated
/// crypto/mlkem private key. Otherwise, applications should use the
/// [KEM.NewPrivateKey] method of e.g. [MLKEM768].
pub fn NewMLKEMPrivateKey(
  priv: crypto.Decapsulator,
) -> Result<PrivateKey, error>

/// NewMLKEMPublicKey returns a KEMPublicKey implementing
/// 
///   - ML-KEM-768
///   - ML-KEM-1024
/// 
/// from draft-ietf-hpke-pq, depending on the type of pub
/// (*[mlkem.EncapsulationKey768] or *[mlkem.EncapsulationKey1024]).
/// 
/// This function is meant for applications that already have an instantiated
/// crypto/mlkem public key. Otherwise, applications should use the
/// [KEM.NewPublicKey] method of e.g. [MLKEM768].
pub fn NewMLKEMPublicKey(pub_: crypto.Encapsulator) -> Result<PublicKey, error>

/// NewRecipient returns a receiving HPKE context for the provided KEM
/// decapsulation key (i.e. the secret key), and using the ciphersuite defined by
/// the combination of KEM, KDF, and AEAD.
/// 
/// The enc parameter must have been produced by a matching sending HPKE context
/// with the corresponding KEM encapsulation key. The info parameter is
/// additional public information that must match between sender and recipient.
pub fn NewRecipient(
  enc: Slice<byte>,
  k: PrivateKey,
  kdf: KDF,
  aead: AEAD,
  info: Slice<byte>,
) -> Result<mut Ref<Recipient>, error>

/// NewSender returns a sending HPKE context for the provided KEM encapsulation
/// key (i.e. the public key), and using the ciphersuite defined by the
/// combination of KEM, KDF, and AEAD.
/// 
/// The info parameter is additional public information that must match between
/// sender and recipient.
/// 
/// The returned enc ciphertext can be used to instantiate a matching receiving
/// HPKE context with the corresponding KEM decapsulation key.
pub fn NewSender(
  pk: PublicKey,
  kdf: KDF,
  aead: AEAD,
  info: Slice<byte>,
) -> Result<(mut Slice<byte>, mut Ref<Sender>), error>

/// Open instantiates a single-use HPKE receiving HPKE context like [NewRecipient],
/// and then decrypts the provided ciphertext like [Recipient.Open] (with no aad).
/// ciphertext must be the concatenation of the encapsulated key and the actual ciphertext.
pub fn Open(
  k: PrivateKey,
  kdf: KDF,
  aead: AEAD,
  info: Slice<byte>,
  ciphertext: Slice<byte>,
) -> Result<mut Slice<byte>, error>

/// SHAKE128 returns a SHAKE128 KDF implementation.
pub fn SHAKE128() -> KDF

/// SHAKE256 returns a SHAKE256 KDF implementation.
pub fn SHAKE256() -> KDF

/// Seal instantiates a single-use HPKE sending HPKE context like [NewSender],
/// and then encrypts the provided plaintext like [Sender.Seal] (with no aad).
/// Seal returns the concatenation of the encapsulated key and the ciphertext.
pub fn Seal(
  pk: PublicKey,
  kdf: KDF,
  aead: AEAD,
  info: Slice<byte>,
  plaintext: Slice<byte>,
) -> Result<mut Slice<byte>, error>

/// The AEAD is one of the three components of an HPKE ciphersuite, implementing
/// symmetric encryption.
pub interface AEAD {
  fn ID() -> uint16
  #[go(unexported, "crypto/hpke.aead([]byte) crypto/cipher.AEAD,error")]
  fn aead()
  #[go(unexported, "crypto/hpke.keySize() int")]
  fn keySize()
  #[go(unexported, "crypto/hpke.nonceSize() int")]
  fn nonceSize()
}

/// The KDF is one of the three components of an HPKE ciphersuite, implementing
/// key derivation.
pub interface KDF {
  fn ID() -> uint16
  #[go(unexported, "crypto/hpke.labeledDerive([]byte,[]byte,string,[]byte,uint16) []byte,error")]
  fn labeledDerive()
  #[go(unexported, "crypto/hpke.labeledExpand([]byte,[]byte,string,[]byte,uint16) []byte,error")]
  fn labeledExpand()
  #[go(unexported, "crypto/hpke.labeledExtract([]byte,[]byte,string,[]byte) []byte,error")]
  fn labeledExtract()
  #[go(unexported, "crypto/hpke.oneStage() bool")]
  fn oneStage()
  #[go(unexported, "crypto/hpke.size() int")]
  fn size()
}

/// A KEM is a Key Encapsulation Mechanism, one of the three components of an
/// HPKE ciphersuite.
pub interface KEM {
  fn DeriveKeyPair(ikm: Slice<byte>) -> Result<PrivateKey, error>
  fn GenerateKey() -> Result<PrivateKey, error>
  fn ID() -> uint16
  fn NewPrivateKey(b: Slice<byte>) -> Result<PrivateKey, error>
  fn NewPublicKey(b: Slice<byte>) -> Result<PublicKey, error>
  #[go(unexported, "crypto/hpke.encSize() int")]
  fn encSize()
}

/// A PrivateKey is an instantiation of a KEM (one of the three components of
/// an HPKE ciphersuite) with a decapsulation key (i.e. the secret key).
/// 
/// A PrivateKey is usually obtained from a method of the corresponding [KEM],
/// such as [KEM.GenerateKey] or [KEM.NewPrivateKey].
pub interface PrivateKey {
  fn Bytes() -> Result<Slice<byte>, error>
  fn KEM() -> Option<KEM>
  fn PublicKey() -> Option<PublicKey>
  #[go(unexported, "crypto/hpke.decap([]byte) []byte,error")]
  fn decap()
}

/// A PublicKey is an instantiation of a KEM (one of the three components of an
/// HPKE ciphersuite) with an encapsulation key (i.e. the public key).
/// 
/// A PublicKey is usually obtained from a method of the corresponding [KEM] or
/// [PrivateKey], such as [KEM.NewPublicKey] or [PrivateKey.PublicKey].
pub interface PublicKey {
  fn Bytes() -> Slice<byte>
  fn KEM() -> Option<KEM>
  #[go(unexported, "crypto/hpke.encap() []byte,[]byte,error")]
  fn encap()
}

/// Recipient is a receiving HPKE context. It is instantiated with a specific KEM
/// decapsulation key (i.e. the secret key), and it is stateful, incrementing the
/// nonce counter for each successful [Recipient.Open] call.
pub struct Recipient {
  embed mut Ref<context>,
}

/// Sender is a sending HPKE context. It is instantiated with a specific KEM
/// encapsulation key (i.e. the public key), and it is stateful, incrementing the
/// nonce counter for each [Sender.Seal] call.
pub struct Sender {
  embed mut Ref<context>,
}

#[go(unexported)]
pub type context

impl Recipient {
  /// Export produces a secret value derived from the shared key between sender and
  /// recipient. length must be at most 65,535.
  fn Export(
    self: Ref<Recipient>,
    exporterContext: string,
    length: int,
  ) -> Result<mut Slice<byte>, error>

  /// Open decrypts the provided ciphertext, optionally binding to the additional
  /// public data aad, or returns an error if decryption fails.
  /// 
  /// Open uses incrementing counters for each successful call, and must be called
  /// in the same order as Seal on the sending side.
  fn Open(
    self: Ref<Recipient>,
    aad: Slice<byte>,
    ciphertext: Slice<byte>,
  ) -> Result<mut Slice<byte>, error>
}

impl Sender {
  /// Export produces a secret value derived from the shared key between sender and
  /// recipient. length must be at most 65,535.
  fn Export(
    self: Ref<Sender>,
    exporterContext: string,
    length: int,
  ) -> Result<mut Slice<byte>, error>

  /// Seal encrypts the provided plaintext, optionally binding to the additional
  /// public data aad.
  /// 
  /// Seal uses incrementing counters for each call, and Open on the receiving side
  /// must be called in the same order as Seal.
  fn Seal(
    self: Ref<Sender>,
    aad: Slice<byte>,
    plaintext: Slice<byte>,
  ) -> Result<mut Slice<byte>, error>
}
