// Generated by Lisette bindgen
// Source: crypto/pbkdf2 (Go stdlib)
// Go: 1.26.7
// Lisette: 0.12.1

import "go:hash"

/// Key derives a key from the password, salt and iteration count, returning a
/// []byte of length keyLength that can be used as cryptographic key. The key is
/// derived based on the method described as PBKDF2 with the HMAC variant using
/// the supplied hash function.
/// 
/// For example, to use a HMAC-SHA-1 based PBKDF2 key derivation function, you
/// can get a derived key for e.g. AES-256 (which needs a 32-byte key) by
/// doing:
/// 
/// 	dk, err := pbkdf2.Key(sha1.New, "some password", salt, 4096, 32)
/// 
/// Remember to get a good random salt. At least 8 bytes is recommended by the
/// RFC.
/// 
/// Using a higher iteration count will increase the cost of an exhaustive
/// search but will also make derivation proportionally slower.
/// 
/// keyLength must be a positive integer between 1 and (2^32 - 1) * h.Size().
/// Setting keyLength to a value outside of this range will result in an error.
pub fn Key<Hash: hash.Hash>(
  h: fn() -> Hash,
  password: string,
  salt: Slice<byte>,
  iter: int,
  keyLength: int,
) -> Result<mut Slice<byte>, error>
