// Generated by Lisette bindgen
// Source: crypto/sha256 (Go stdlib)
// Go: 1.26.7
// Lisette: 0.12.1

import "go:hash"

/// New returns a new [hash.Hash] computing the SHA256 checksum. The Hash
/// also implements [encoding.BinaryMarshaler], [encoding.BinaryAppender] and
/// [encoding.BinaryUnmarshaler] to marshal and unmarshal the internal
/// state of the hash.
pub fn New() -> hash.Hash

/// New224 returns a new [hash.Hash] computing the SHA224 checksum. The Hash
/// also implements [encoding.BinaryMarshaler], [encoding.BinaryAppender] and
/// [encoding.BinaryUnmarshaler] to marshal and unmarshal the internal
/// state of the hash.
pub fn New224() -> hash.Hash

/// Sum224 returns the SHA224 checksum of the data.
pub fn Sum224(data: Slice<byte>) -> Array<byte, 28>

/// Sum256 returns the SHA256 checksum of the data.
pub fn Sum256(data: Slice<byte>) -> Array<byte, 32>

/// The blocksize of SHA256 and SHA224 in bytes.
pub const BlockSize = 64

/// The size of a SHA256 checksum in bytes.
pub const Size = 32

/// The size of a SHA224 checksum in bytes.
pub const Size224 = 28
