// Generated by Lisette bindgen
// Source: crypto/x509 (Go stdlib)
// Go: 1.26.7
// Lisette: 0.12.1

import "go:crypto"
import "go:crypto/ecdsa"
import "go:crypto/rsa"
import "go:crypto/x509/pkix"
import "go:encoding/asn1"
import "go:encoding/pem"
import "go:io"
import "go:math/big"
import "go:net"
import "go:net/url"
import "go:time"

/// ExtKeyUsage represents an extended set of actions that are valid for a given key.
/// Each of the ExtKeyUsage* constants define a unique action.
pub struct ExtKeyUsage(int)

pub const ExtKeyUsageAny: ExtKeyUsage = 0

pub const ExtKeyUsageClientAuth: ExtKeyUsage = 2

pub const ExtKeyUsageCodeSigning: ExtKeyUsage = 3

pub const ExtKeyUsageEmailProtection: ExtKeyUsage = 4

pub const ExtKeyUsageIPSECEndSystem: ExtKeyUsage = 5

pub const ExtKeyUsageIPSECTunnel: ExtKeyUsage = 6

pub const ExtKeyUsageIPSECUser: ExtKeyUsage = 7

pub const ExtKeyUsageMicrosoftCommercialCodeSigning: ExtKeyUsage = 12

pub const ExtKeyUsageMicrosoftKernelCodeSigning: ExtKeyUsage = 13

pub const ExtKeyUsageMicrosoftServerGatedCrypto: ExtKeyUsage = 10

pub const ExtKeyUsageNetscapeServerGatedCrypto: ExtKeyUsage = 11

pub const ExtKeyUsageOCSPSigning: ExtKeyUsage = 9

pub const ExtKeyUsageServerAuth: ExtKeyUsage = 1

pub const ExtKeyUsageTimeStamping: ExtKeyUsage = 8

pub struct InvalidReason(int)

pub const CANotAuthorizedForExtKeyUsage: InvalidReason = 9

pub const CANotAuthorizedForThisName: InvalidReason = 2

pub const Expired: InvalidReason = 1

pub const IncompatibleUsage: InvalidReason = 4

pub const NameConstraintsWithoutSANs: InvalidReason = 6

pub const NameMismatch: InvalidReason = 5

pub const NoValidChains: InvalidReason = 10

pub const NotAuthorizedToSign: InvalidReason = 0

pub const TooManyConstraints: InvalidReason = 8

pub const TooManyIntermediates: InvalidReason = 3

pub const UnconstrainedName: InvalidReason = 7

pub struct PEMCipher(int)

pub const PEMCipher3DES: PEMCipher = 2

pub const PEMCipherAES128: PEMCipher = 3

pub const PEMCipherAES192: PEMCipher = 4

pub const PEMCipherAES256: PEMCipher = 5

pub const PEMCipherDES: PEMCipher = 1

pub struct PublicKeyAlgorithm(int)

pub const DSA: PublicKeyAlgorithm = 2

pub const ECDSA: PublicKeyAlgorithm = 3

pub const Ed25519: PublicKeyAlgorithm = 4

pub const RSA: PublicKeyAlgorithm = 1

pub const UnknownPublicKeyAlgorithm: PublicKeyAlgorithm = 0

pub struct SignatureAlgorithm(int)

pub const DSAWithSHA1: SignatureAlgorithm = 7

pub const DSAWithSHA256: SignatureAlgorithm = 8

pub const ECDSAWithSHA1: SignatureAlgorithm = 9

pub const ECDSAWithSHA256: SignatureAlgorithm = 10

pub const ECDSAWithSHA384: SignatureAlgorithm = 11

pub const ECDSAWithSHA512: SignatureAlgorithm = 12

pub const MD2WithRSA: SignatureAlgorithm = 1

pub const MD5WithRSA: SignatureAlgorithm = 2

pub const PureEd25519: SignatureAlgorithm = 16

pub const SHA1WithRSA: SignatureAlgorithm = 3

pub const SHA256WithRSA: SignatureAlgorithm = 4

pub const SHA256WithRSAPSS: SignatureAlgorithm = 13

pub const SHA384WithRSA: SignatureAlgorithm = 5

pub const SHA384WithRSAPSS: SignatureAlgorithm = 14

pub const SHA512WithRSA: SignatureAlgorithm = 6

pub const SHA512WithRSAPSS: SignatureAlgorithm = 15

pub const UnknownSignatureAlgorithm: SignatureAlgorithm = 0

/// CreateCertificate creates a new X.509 v3 certificate based on a template.
/// The following members of template are currently used:
/// 
///   - AuthorityKeyId
///   - BasicConstraintsValid
///   - CRLDistributionPoints
///   - DNSNames
///   - EmailAddresses
///   - ExcludedDNSDomains
///   - ExcludedEmailAddresses
///   - ExcludedIPRanges
///   - ExcludedURIDomains
///   - ExtKeyUsage
///   - ExtraExtensions
///   - IPAddresses
///   - IsCA
///   - IssuingCertificateURL
///   - KeyUsage
///   - MaxPathLen
///   - MaxPathLenZero
///   - NotAfter
///   - NotBefore
///   - OCSPServer
///   - PermittedDNSDomains
///   - PermittedDNSDomainsCritical
///   - PermittedEmailAddresses
///   - PermittedIPRanges
///   - PermittedURIDomains
///   - PolicyIdentifiers (see note below)
///   - Policies (see note below)
///   - SerialNumber
///   - SignatureAlgorithm
///   - Subject
///   - SubjectKeyId
///   - URIs
///   - UnknownExtKeyUsage
/// 
/// The certificate is signed by parent. If parent is equal to template then the
/// certificate is self-signed. The parameter pub is the public key of the
/// certificate to be generated and priv is the private key of the signer.
/// 
/// The returned slice is the certificate in DER encoding.
/// 
/// The currently supported key types are *rsa.PublicKey, *ecdsa.PublicKey and
/// ed25519.PublicKey. pub must be a supported key type, and priv must be a
/// crypto.Signer or crypto.MessageSigner with a supported public key.
/// 
/// The AuthorityKeyId will be taken from the SubjectKeyId of parent, if any,
/// unless the resulting certificate is self-signed. Otherwise the value from
/// template will be used.
/// 
/// If SubjectKeyId from template is empty and the template is a CA, SubjectKeyId
/// will be generated from the hash of the public key.
/// 
/// If template.SerialNumber is nil, a serial number will be generated which
/// conforms to RFC 5280, Section 4.1.2.2 using entropy from rand.
/// 
/// The PolicyIdentifier and Policies fields can both be used to marshal certificate
/// policy OIDs. By default, only the Policies is marshaled, but if the
/// GODEBUG setting "x509usepolicies" has the value "0", the PolicyIdentifiers field will
/// be marshaled instead of the Policies field. This changed in Go 1.24. The Policies field can
/// be used to marshal policy OIDs which have components that are larger than 31
/// bits.
pub fn CreateCertificate(
  rand: io.Reader,
  template: Ref<Certificate>,
  parent: Ref<Certificate>,
  pub_: Unknown,
  priv: Unknown,
) -> Result<mut Slice<byte>, error>

/// CreateCertificateRequest creates a new certificate request based on a
/// template. The following members of template are used:
/// 
///   - SignatureAlgorithm
///   - Subject
///   - DNSNames
///   - EmailAddresses
///   - IPAddresses
///   - URIs
///   - ExtraExtensions
///   - Attributes (deprecated)
/// 
/// priv is the private key to sign the CSR with, and the corresponding public
/// key will be included in the CSR. It must implement crypto.Signer or
/// crypto.MessageSigner and its Public() method must return a *rsa.PublicKey or
/// a *ecdsa.PublicKey or a ed25519.PublicKey. (A *rsa.PrivateKey,
/// *ecdsa.PrivateKey or ed25519.PrivateKey satisfies this.)
/// 
/// The returned slice is the certificate request in DER encoding.
pub fn CreateCertificateRequest(
  rand: io.Reader,
  template: Ref<CertificateRequest>,
  priv: Unknown,
) -> Result<mut Slice<byte>, error>

/// CreateRevocationList creates a new X.509 v2 [Certificate] Revocation List,
/// according to RFC 5280, based on template.
/// 
/// The CRL is signed by priv which should be a crypto.Signer or
/// crypto.MessageSigner associated with the public key in the issuer
/// certificate.
/// 
/// The issuer may not be nil, and the crlSign bit must be set in [KeyUsage] in
/// order to use it as a CRL issuer.
/// 
/// The issuer distinguished name CRL field and authority key identifier
/// extension are populated using the issuer certificate. issuer must have
/// SubjectKeyId set.
pub fn CreateRevocationList(
  rand: io.Reader,
  template: Ref<RevocationList>,
  issuer: Ref<Certificate>,
  priv: crypto.Signer,
) -> Result<mut Slice<byte>, error>

/// DecryptPEMBlock takes a PEM block encrypted according to RFC 1423 and the
/// password used to encrypt it and returns a slice of decrypted DER encoded
/// bytes. It inspects the DEK-Info header to determine the algorithm used for
/// decryption. If no DEK-Info header is present, an error is returned. If an
/// incorrect password is detected an [IncorrectPasswordError] is returned. Because
/// of deficiencies in the format, it's not always possible to detect an
/// incorrect password. In these cases no error will be returned but the
/// decrypted DER bytes will be random noise.
/// 
/// Deprecated: Legacy PEM encryption as specified in RFC 1423 is insecure by
/// design. Since it does not authenticate the ciphertext, it is vulnerable to
/// padding oracle attacks that can let an attacker recover the plaintext.
pub fn DecryptPEMBlock(
  b: Ref<pem.Block>,
  password: Slice<byte>,
) -> Result<mut Slice<byte>, error>

/// EncryptPEMBlock returns a PEM block of the specified type holding the
/// given DER encoded data encrypted with the specified algorithm and
/// password according to RFC 1423.
/// 
/// Deprecated: Legacy PEM encryption as specified in RFC 1423 is insecure by
/// design. Since it does not authenticate the ciphertext, it is vulnerable to
/// padding oracle attacks that can let an attacker recover the plaintext.
pub fn EncryptPEMBlock(
  rand: io.Reader,
  blockType: string,
  data: Slice<byte>,
  password: Slice<byte>,
  alg: PEMCipher,
) -> Result<mut Ref<pem.Block>, error>

/// IsEncryptedPEMBlock returns whether the PEM block is password encrypted
/// according to RFC 1423.
/// 
/// Deprecated: Legacy PEM encryption as specified in RFC 1423 is insecure by
/// design. Since it does not authenticate the ciphertext, it is vulnerable to
/// padding oracle attacks that can let an attacker recover the plaintext.
pub fn IsEncryptedPEMBlock(b: Ref<pem.Block>) -> bool

/// MarshalECPrivateKey converts an EC private key to SEC 1, ASN.1 DER form.
/// 
/// This kind of key is commonly encoded in PEM blocks of type "EC PRIVATE KEY".
/// For a more flexible key format which is not EC specific, use
/// [MarshalPKCS8PrivateKey].
pub fn MarshalECPrivateKey(
  key: Ref<ecdsa.PrivateKey>,
) -> Result<mut Slice<byte>, error>

/// MarshalPKCS1PrivateKey converts an [RSA] private key to PKCS #1, ASN.1 DER form.
/// 
/// This kind of key is commonly encoded in PEM blocks of type "RSA PRIVATE KEY".
/// For a more flexible key format which is not [RSA] specific, use
/// [MarshalPKCS8PrivateKey].
/// 
/// The key must have passed validation by calling [rsa.PrivateKey.Validate]
/// first. MarshalPKCS1PrivateKey calls [rsa.PrivateKey.Precompute], which may
/// modify the key if not already precomputed.
pub fn MarshalPKCS1PrivateKey(key: mut Ref<rsa.PrivateKey>) -> mut Slice<byte>

/// MarshalPKCS1PublicKey converts an [RSA] public key to PKCS #1, ASN.1 DER form.
/// 
/// This kind of key is commonly encoded in PEM blocks of type "RSA PUBLIC KEY".
pub fn MarshalPKCS1PublicKey(key: Ref<rsa.PublicKey>) -> mut Slice<byte>

/// MarshalPKCS8PrivateKey converts a private key to PKCS #8, ASN.1 DER form.
/// 
/// The following key types are currently supported: *[rsa.PrivateKey],
/// *[ecdsa.PrivateKey], [ed25519.PrivateKey] (not a pointer), and *[ecdh.PrivateKey].
/// Unsupported key types result in an error.
/// 
/// This kind of key is commonly encoded in PEM blocks of type "PRIVATE KEY".
/// 
/// MarshalPKCS8PrivateKey runs [rsa.PrivateKey.Precompute] on RSA keys.
pub fn MarshalPKCS8PrivateKey(
  key: mut Unknown,
) -> Result<mut Slice<byte>, error>

/// MarshalPKIXPublicKey converts a public key to PKIX, ASN.1 DER form.
/// The encoded public key is a SubjectPublicKeyInfo structure
/// (see RFC 5280, Section 4.1).
/// 
/// The following key types are currently supported: *[rsa.PublicKey],
/// *[ecdsa.PublicKey], [ed25519.PublicKey] (not a pointer), and *[ecdh.PublicKey].
/// Unsupported key types result in an error.
/// 
/// This kind of key is commonly encoded in PEM blocks of type "PUBLIC KEY".
pub fn MarshalPKIXPublicKey(pub_: Unknown) -> Result<mut Slice<byte>, error>

/// NewCertPool returns a new, empty CertPool.
pub fn NewCertPool() -> mut Ref<CertPool>

/// OIDFromASN1OID creates a new OID using asn1OID.
pub fn OIDFromASN1OID(asn1OID: asn1.ObjectIdentifier) -> Result<OID, error>

/// OIDFromInts creates a new OID using ints, each integer is a separate component.
pub fn OIDFromInts(oid: Slice<uint64>) -> Result<OID, error>

/// ParseCRL parses a CRL from the given bytes. It's often the case that PEM
/// encoded CRLs will appear where they should be DER encoded, so this function
/// will transparently handle PEM encoding as long as there isn't any leading
/// garbage.
/// 
/// Deprecated: Use [ParseRevocationList] instead.
pub fn ParseCRL(
  crlBytes: Slice<byte>,
) -> Result<mut Ref<pkix.CertificateList>, error>

/// ParseCertificate parses a single certificate from the given ASN.1 DER data.
/// 
/// Before Go 1.23, ParseCertificate accepted certificates with negative serial
/// numbers. This behavior can be restored by including "x509negativeserial=1" in
/// the GODEBUG environment variable.
pub fn ParseCertificate(der: Slice<byte>) -> Result<mut Ref<Certificate>, error>

/// ParseCertificateRequest parses a single certificate request from the
/// given ASN.1 DER data.
pub fn ParseCertificateRequest(
  asn1Data: Slice<byte>,
) -> Result<mut Ref<CertificateRequest>, error>

/// ParseCertificates parses one or more certificates from the given ASN.1 DER
/// data. The certificates must be concatenated with no intermediate padding.
pub fn ParseCertificates(
  der: Slice<byte>,
) -> Result<Slice<Ref<Certificate>>, error>

/// ParseDERCRL parses a DER encoded CRL from the given bytes.
/// 
/// Deprecated: Use [ParseRevocationList] instead.
pub fn ParseDERCRL(
  derBytes: Slice<byte>,
) -> Result<mut Ref<pkix.CertificateList>, error>

/// ParseECPrivateKey parses an EC private key in SEC 1, ASN.1 DER form.
/// 
/// This kind of key is commonly encoded in PEM blocks of type "EC PRIVATE KEY".
pub fn ParseECPrivateKey(
  der: Slice<byte>,
) -> Result<mut Ref<ecdsa.PrivateKey>, error>

/// ParseOID parses a Object Identifier string, represented by ASCII numbers separated by dots.
pub fn ParseOID(oid: string) -> Result<OID, error>

/// ParsePKCS1PrivateKey parses an [RSA] private key in PKCS #1, ASN.1 DER form.
/// 
/// This kind of key is commonly encoded in PEM blocks of type "RSA PRIVATE KEY".
/// 
/// Before Go 1.24, the CRT parameters were ignored and recomputed. To restore
/// the old behavior, use the GODEBUG=x509rsacrt=0 environment variable.
pub fn ParsePKCS1PrivateKey(
  der: Slice<byte>,
) -> Result<mut Ref<rsa.PrivateKey>, error>

/// ParsePKCS1PublicKey parses an [RSA] public key in PKCS #1, ASN.1 DER form.
/// 
/// This kind of key is commonly encoded in PEM blocks of type "RSA PUBLIC KEY".
pub fn ParsePKCS1PublicKey(
  der: Slice<byte>,
) -> Result<mut Ref<rsa.PublicKey>, error>

/// ParsePKCS8PrivateKey parses an unencrypted private key in PKCS #8, ASN.1 DER form.
/// 
/// It returns a *[rsa.PrivateKey], an *[ecdsa.PrivateKey], an [ed25519.PrivateKey] (not
/// a pointer), or an *[ecdh.PrivateKey] (for X25519). More types might be supported
/// in the future.
/// 
/// This kind of key is commonly encoded in PEM blocks of type "PRIVATE KEY".
/// 
/// Before Go 1.24, the CRT parameters of RSA keys were ignored and recomputed.
/// To restore the old behavior, use the GODEBUG=x509rsacrt=0 environment variable.
pub fn ParsePKCS8PrivateKey(der: Slice<byte>) -> Result<Unknown, error>

/// ParsePKIXPublicKey parses a public key in PKIX, ASN.1 DER form. The encoded
/// public key is a SubjectPublicKeyInfo structure (see RFC 5280, Section 4.1).
/// 
/// It returns a *[rsa.PublicKey], *[dsa.PublicKey], *[ecdsa.PublicKey],
/// [ed25519.PublicKey] (not a pointer), or *[ecdh.PublicKey] (for X25519).
/// More types might be supported in the future.
/// 
/// This kind of key is commonly encoded in PEM blocks of type "PUBLIC KEY".
pub fn ParsePKIXPublicKey(derBytes: Slice<byte>) -> Result<Unknown, error>

/// ParseRevocationList parses a X509 v2 [Certificate] Revocation List from the given
/// ASN.1 DER data.
pub fn ParseRevocationList(
  der: Slice<byte>,
) -> Result<mut Ref<RevocationList>, error>

/// SetFallbackRoots sets the roots to use during certificate verification, if no
/// custom roots are specified and a platform verifier or a system certificate
/// pool is not available (for instance in a container which does not have a root
/// certificate bundle). SetFallbackRoots will panic if roots is nil.
/// 
/// SetFallbackRoots may only be called once, if called multiple times it will
/// panic.
/// 
/// The fallback behavior can be forced on all platforms, even when there is a
/// system certificate pool, by setting GODEBUG=x509usefallbackroots=1 (note that
/// on Windows and macOS this will disable usage of the platform verification
/// APIs and cause the pure Go verifier to be used). Setting
/// x509usefallbackroots=1 without calling SetFallbackRoots has no effect.
pub fn SetFallbackRoots(roots: Ref<CertPool>)

/// SystemCertPool returns a copy of the system cert pool.
/// 
/// On Unix systems other than macOS the environment variables SSL_CERT_FILE and
/// SSL_CERT_DIR can be used to override the system default locations for the SSL
/// certificate file and SSL certificate files directory, respectively. The
/// latter can be a colon-separated list.
/// 
/// Any mutations to the returned pool are not written to disk and do not affect
/// any other pool returned by SystemCertPool.
/// 
/// New changes in the system cert pool might not be reflected in subsequent calls.
pub fn SystemCertPool() -> Result<mut Ref<CertPool>, error>

/// CertPool is a set of certificates.
pub type CertPool

/// A Certificate represents an X.509 certificate.
pub struct Certificate {
  pub Raw: mut Slice<byte>,
  pub RawTBSCertificate: mut Slice<byte>,
  pub RawSubjectPublicKeyInfo: mut Slice<byte>,
  pub RawSubject: mut Slice<byte>,
  pub RawIssuer: mut Slice<byte>,
  pub Signature: mut Slice<byte>,
  pub SignatureAlgorithm: SignatureAlgorithm,
  pub PublicKeyAlgorithm: PublicKeyAlgorithm,
  pub PublicKey: Unknown,
  pub Version: int,
  pub SerialNumber: Option<mut Ref<big.Int>>,
  pub Issuer: mut pkix.Name,
  pub Subject: mut pkix.Name,
  pub NotBefore: mut time.Time,
  pub NotAfter: mut time.Time,
  pub KeyUsage: KeyUsage,
  pub Extensions: mut Slice<mut pkix.Extension>,
  pub ExtraExtensions: mut Slice<mut pkix.Extension>,
  pub UnhandledCriticalExtensions: mut Slice<mut asn1.ObjectIdentifier>,
  pub ExtKeyUsage: mut Slice<ExtKeyUsage>,
  pub UnknownExtKeyUsage: mut Slice<mut asn1.ObjectIdentifier>,
  pub BasicConstraintsValid: bool,
  pub IsCA: bool,
  pub MaxPathLen: int,
  pub MaxPathLenZero: bool,
  pub SubjectKeyId: mut Slice<byte>,
  pub AuthorityKeyId: mut Slice<byte>,
  pub OCSPServer: mut Slice<string>,
  pub IssuingCertificateURL: mut Slice<string>,
  pub DNSNames: mut Slice<string>,
  pub EmailAddresses: mut Slice<string>,
  pub IPAddresses: mut Slice<mut net.IP>,
  pub URIs: mut Slice<Option<mut Ref<url.URL>>>,
  pub PermittedDNSDomainsCritical: bool,
  pub PermittedDNSDomains: mut Slice<string>,
  pub ExcludedDNSDomains: mut Slice<string>,
  pub PermittedIPRanges: mut Slice<Option<mut Ref<net.IPNet>>>,
  pub ExcludedIPRanges: mut Slice<Option<mut Ref<net.IPNet>>>,
  pub PermittedEmailAddresses: mut Slice<string>,
  pub ExcludedEmailAddresses: mut Slice<string>,
  pub PermittedURIDomains: mut Slice<string>,
  pub ExcludedURIDomains: mut Slice<string>,
  pub CRLDistributionPoints: mut Slice<string>,
  pub PolicyIdentifiers: mut Slice<mut asn1.ObjectIdentifier>,
  pub Policies: mut Slice<mut OID>,
  pub InhibitAnyPolicy: int,
  pub InhibitAnyPolicyZero: bool,
  pub InhibitPolicyMapping: int,
  pub InhibitPolicyMappingZero: bool,
  pub RequireExplicitPolicy: int,
  pub RequireExplicitPolicyZero: bool,
  pub PolicyMappings: mut Slice<mut PolicyMapping>,
}

/// CertificateInvalidError results when an odd error occurs. Users of this
/// library probably want to handle all these errors uniformly.
pub struct CertificateInvalidError {
  pub Cert: Option<mut Ref<Certificate>>,
  pub Reason: InvalidReason,
  pub Detail: string,
}

/// CertificateRequest represents a PKCS #10, certificate signature request.
pub struct CertificateRequest {
  pub Raw: mut Slice<byte>,
  pub RawTBSCertificateRequest: mut Slice<byte>,
  pub RawSubjectPublicKeyInfo: mut Slice<byte>,
  pub RawSubject: mut Slice<byte>,
  pub Version: int,
  pub Signature: mut Slice<byte>,
  pub SignatureAlgorithm: SignatureAlgorithm,
  pub PublicKeyAlgorithm: PublicKeyAlgorithm,
  pub PublicKey: Unknown,
  pub Subject: mut pkix.Name,
  pub Attributes: mut Slice<mut pkix.AttributeTypeAndValueSET>,
  pub Extensions: mut Slice<mut pkix.Extension>,
  pub ExtraExtensions: mut Slice<mut pkix.Extension>,
  pub DNSNames: mut Slice<string>,
  pub EmailAddresses: mut Slice<string>,
  pub IPAddresses: mut Slice<mut net.IP>,
  pub URIs: mut Slice<Option<mut Ref<url.URL>>>,
}

/// ConstraintViolationError results when a requested usage is not permitted by
/// a certificate. For example: checking a signature when the public key isn't a
/// certificate signing key.
#[go(zero_safe)]
pub type ConstraintViolationError

/// HostnameError results when the set of authorized names doesn't match the
/// requested name.
pub struct HostnameError {
  pub Certificate: Option<mut Ref<Certificate>>,
  pub Host: string,
}

/// An InsecureAlgorithmError indicates that the [SignatureAlgorithm] used to
/// generate the signature is not secure, and the signature has been rejected.
pub struct InsecureAlgorithmError(int)

/// KeyUsage represents the set of actions that are valid for a given key. It's
/// a bitmap of the KeyUsage* constants.
#[go(bit_flag_set)]
pub struct KeyUsage(int)

/// An OID represents an ASN.1 OBJECT IDENTIFIER.
pub type OID

/// PolicyMapping represents a policy mapping entry in the policyMappings extension.
pub struct PolicyMapping {
  pub IssuerDomainPolicy: mut OID,
  pub SubjectDomainPolicy: mut OID,
}

/// RevocationList represents a [Certificate] Revocation List (CRL) as specified
/// by RFC 5280.
pub struct RevocationList {
  pub Raw: mut Slice<byte>,
  pub RawTBSRevocationList: mut Slice<byte>,
  pub RawIssuer: mut Slice<byte>,
  pub Issuer: mut pkix.Name,
  pub AuthorityKeyId: mut Slice<byte>,
  pub Signature: mut Slice<byte>,
  pub SignatureAlgorithm: SignatureAlgorithm,
  pub RevokedCertificateEntries: mut Slice<mut RevocationListEntry>,
  pub RevokedCertificates: mut Slice<mut pkix.RevokedCertificate>,
  pub Number: Option<mut Ref<big.Int>>,
  pub ThisUpdate: mut time.Time,
  pub NextUpdate: mut time.Time,
  pub Extensions: mut Slice<mut pkix.Extension>,
  pub ExtraExtensions: mut Slice<mut pkix.Extension>,
}

/// RevocationListEntry represents an entry in the revokedCertificates
/// sequence of a CRL.
pub struct RevocationListEntry {
  pub Raw: mut Slice<byte>,
  pub SerialNumber: Option<mut Ref<big.Int>>,
  pub RevocationTime: mut time.Time,
  pub ReasonCode: int,
  pub Extensions: mut Slice<mut pkix.Extension>,
  pub ExtraExtensions: mut Slice<mut pkix.Extension>,
}

/// SystemRootsError results when we fail to load the system root certificates.
pub struct SystemRootsError {
  pub Err: error,
}

#[go(zero_safe)]
pub type UnhandledCriticalExtension

/// UnknownAuthorityError results when the certificate issuer is unknown
#[go(hidden_fields)]
pub struct UnknownAuthorityError {
  pub Cert: Option<mut Ref<Certificate>>,
}

/// VerifyOptions contains parameters for Certificate.Verify.
#[go(hidden_fields)]
pub struct VerifyOptions {
  pub DNSName: string,
  pub Intermediates: Option<mut Ref<CertPool>>,
  pub Roots: Option<mut Ref<CertPool>>,
  pub CurrentTime: mut time.Time,
  pub KeyUsages: mut Slice<ExtKeyUsage>,
  pub MaxConstraintComparisions: int,
  pub CertificatePolicies: mut Slice<mut OID>,
}

pub const KeyUsageCRLSign: KeyUsage = 64

pub const KeyUsageCertSign: KeyUsage = 32

pub const KeyUsageContentCommitment: KeyUsage = 2

pub const KeyUsageDataEncipherment: KeyUsage = 8

pub const KeyUsageDecipherOnly: KeyUsage = 256

pub const KeyUsageDigitalSignature: KeyUsage = 1

pub const KeyUsageEncipherOnly: KeyUsage = 128

pub const KeyUsageKeyAgreement: KeyUsage = 16

pub const KeyUsageKeyEncipherment: KeyUsage = 4

/// ErrUnsupportedAlgorithm results from attempting to perform an operation that
/// involves algorithms that are not currently implemented.
pub var ErrUnsupportedAlgorithm: error

/// IncorrectPasswordError is returned when an incorrect password is detected.
pub var IncorrectPasswordError: error

impl CertPool {
  /// AddCert adds a certificate to a pool.
  fn AddCert(self: mut Ref<CertPool>, cert: Ref<Certificate>)

  /// AddCertWithConstraint adds a certificate to the pool with the additional
  /// constraint. When Certificate.Verify builds a chain which is rooted by cert,
  /// it will additionally pass the whole chain to constraint to determine its
  /// validity. If constraint returns a non-nil error, the chain will be discarded.
  /// constraint may be called concurrently from multiple goroutines.
  fn AddCertWithConstraint(
    self: mut Ref<CertPool>,
    cert: Ref<Certificate>,
    constraint: fn(mut Slice<mut Ref<Certificate>>) -> Result<(), error>,
  )

  /// AppendCertsFromPEM attempts to parse a series of PEM encoded certificates.
  /// It appends any certificates found to s and reports whether any certificates
  /// were successfully parsed.
  /// 
  /// On many Linux systems, /etc/ssl/cert.pem will contain the system wide set
  /// of root CAs in a format suitable for this function.
  fn AppendCertsFromPEM(self: mut Ref<CertPool>, pemCerts: Slice<byte>) -> bool

  /// Clone returns a copy of s.
  fn Clone(self: Ref<CertPool>) -> mut Ref<CertPool>

  /// Equal reports whether s and other are equal.
  fn Equal(self: Ref<CertPool>, other: Option<Ref<CertPool>>) -> bool

  /// Subjects returns a list of the DER-encoded subjects of
  /// all of the certificates in the pool.
  /// 
  /// Deprecated: if s was returned by [SystemCertPool], Subjects
  /// will not include the system roots.
  fn Subjects(self: Ref<CertPool>) -> mut Slice<Slice<byte>>
}

impl Certificate {
  /// CheckCRLSignature checks that the signature in crl is from c.
  /// 
  /// Deprecated: Use [RevocationList.CheckSignatureFrom] instead.
  fn CheckCRLSignature(
    self: Ref<Certificate>,
    crl: Ref<pkix.CertificateList>,
  ) -> Result<(), error>

  /// CheckSignature verifies that signature is a valid signature over signed from
  /// c's public key.
  /// 
  /// This is a low-level API that performs no validity checks on the certificate.
  /// 
  /// [MD5WithRSA] signatures are rejected, while [SHA1WithRSA] and [ECDSAWithSHA1]
  /// signatures are currently accepted.
  fn CheckSignature(
    self: Ref<Certificate>,
    algo: SignatureAlgorithm,
    signed: Slice<byte>,
    signature: Slice<byte>,
  ) -> Result<(), error>

  /// CheckSignatureFrom verifies that the signature on c is a valid signature from parent.
  /// 
  /// This is a low-level API that performs very limited checks, and not a full
  /// path verifier. Most users should use [Certificate.Verify] instead.
  fn CheckSignatureFrom(
    self: Ref<Certificate>,
    parent: Ref<Certificate>,
  ) -> Result<(), error>

  /// CreateCRL returns a DER encoded CRL, signed by this Certificate, that
  /// contains the given list of revoked certificates.
  /// 
  /// Deprecated: this method does not generate an RFC 5280 conformant X.509 v2 CRL.
  /// To generate a standards compliant CRL, use [CreateRevocationList] instead.
  fn CreateCRL(
    self: Ref<Certificate>,
    rand: io.Reader,
    priv: Unknown,
    revokedCerts: Slice<pkix.RevokedCertificate>,
    now: time.Time,
    expiry: time.Time,
  ) -> Result<mut Slice<byte>, error>

  fn Equal(self: Ref<Certificate>, other: Option<Ref<Certificate>>) -> bool

  /// Verify attempts to verify c by building one or more chains from c to a
  /// certificate in opts.Roots, using certificates in opts.Intermediates if
  /// needed. If successful, it returns one or more chains where the first
  /// element of the chain is c and the last element is from opts.Roots.
  /// 
  /// If opts.Roots is nil, the platform verifier might be used, and
  /// verification details might differ from what is described below. If system
  /// roots are unavailable the returned error will be of type SystemRootsError.
  /// 
  /// Name constraints in the intermediates will be applied to all names claimed
  /// in the chain, not just opts.DNSName. Thus it is invalid for a leaf to claim
  /// example.com if an intermediate doesn't permit it, even if example.com is not
  /// the name being validated. Note that DirectoryName constraints are not
  /// supported.
  /// 
  /// Name constraint validation follows the rules from RFC 5280, with the
  /// addition that DNS name constraints may use the leading period format
  /// defined for emails and URIs. When a constraint has a leading period
  /// it indicates that at least one additional label must be prepended to
  /// the constrained name to be considered valid.
  /// 
  /// Extended Key Usage values are enforced nested down a chain, so an intermediate
  /// or root that enumerates EKUs prevents a leaf from asserting an EKU not in that
  /// list. (While this is not specified, it is common practice in order to limit
  /// the types of certificates a CA can issue.)
  /// 
  /// Certificates that use SHA1WithRSA and ECDSAWithSHA1 signatures are not supported,
  /// and will not be used to build chains.
  /// 
  /// Certificates other than c in the returned chains should not be modified.
  /// 
  /// WARNING: this function doesn't do any revocation checking.
  fn Verify(
    self: Ref<Certificate>,
    opts: VerifyOptions,
  ) -> Result<Slice<Slice<Ref<Certificate>>>, error>

  /// VerifyHostname returns nil if c is a valid certificate for the named host.
  /// Otherwise it returns an error describing the mismatch.
  /// 
  /// IP addresses can be optionally enclosed in square brackets and are checked
  /// against the IPAddresses field. Other names are checked case insensitively
  /// against the DNSNames field. If the names are valid hostnames, the certificate
  /// fields can have a wildcard as the complete left-most label (e.g. *.example.com).
  /// 
  /// Note that the legacy Common Name field is ignored.
  fn VerifyHostname(self: Ref<Certificate>, h: string) -> Result<(), error>
}

impl CertificateInvalidError {
  fn Error(self) -> string
}

impl CertificateRequest {
  /// CheckSignature reports whether the signature on c is valid.
  fn CheckSignature(self: Ref<CertificateRequest>) -> Result<(), error>
}

impl ConstraintViolationError {
  fn Error(self) -> string
}

impl ExtKeyUsage {
  /// OID returns the ASN.1 object identifier of the EKU.
  fn OID(self) -> OID

  fn String(self) -> string
}

impl HostnameError {
  fn Error(self) -> string
}

impl InsecureAlgorithmError {
  fn Error(self) -> string
}

impl KeyUsage {
  fn String(self) -> string
}

impl OID {
  /// AppendBinary implements [encoding.BinaryAppender]
  fn AppendBinary(self, b: mut Slice<byte>) -> Result<mut Slice<byte>, error>

  /// AppendText implements [encoding.TextAppender]
  fn AppendText(self, b: mut Slice<byte>) -> Result<mut Slice<byte>, error>

  /// Equal returns true when oid and other represents the same Object Identifier.
  fn Equal(self, other: OID) -> bool

  /// EqualASN1OID returns whether an OID equals an asn1.ObjectIdentifier. If
  /// asn1.ObjectIdentifier cannot represent the OID specified by oid, because
  /// a component of OID requires more than 31 bits, it returns false.
  fn EqualASN1OID(self, other: asn1.ObjectIdentifier) -> bool

  /// MarshalBinary implements [encoding.BinaryMarshaler]
  fn MarshalBinary(self) -> Result<mut Slice<byte>, error>

  /// MarshalText implements [encoding.TextMarshaler]
  fn MarshalText(self) -> Result<mut Slice<byte>, error>

  /// String returns the string representation of the Object Identifier.
  fn String(self) -> string

  /// UnmarshalBinary implements [encoding.BinaryUnmarshaler]
  fn UnmarshalBinary(self: mut Ref<OID>, b: Slice<byte>) -> Result<(), error>

  /// UnmarshalText implements [encoding.TextUnmarshaler]
  fn UnmarshalText(self: mut Ref<OID>, text: Slice<byte>) -> Result<(), error>
}

impl PublicKeyAlgorithm {
  fn String(self) -> string
}

impl RevocationList {
  /// CheckSignatureFrom verifies that the signature on rl is a valid signature
  /// from issuer.
  fn CheckSignatureFrom(
    self: Ref<RevocationList>,
    parent: Ref<Certificate>,
  ) -> Result<(), error>
}

impl SignatureAlgorithm {
  fn String(self) -> string
}

impl SystemRootsError {
  fn Error(self) -> string

  fn Unwrap(self) -> Option<error>
}

impl UnhandledCriticalExtension {
  fn Error(self) -> string
}

impl UnknownAuthorityError {
  fn Error(self) -> string
}
