import "go:encoding/json"
import "go:errors"
import "go:io/fs"
import "go:os"

import "models"

const FILE = "tasks.json"

/// A missing file yields an empty list, not an error.
pub fn load() -> Result<Slice<models.Task>, error> {
  let bytes = match os.ReadFile(FILE) {
    Ok(bytes) => bytes,
    Err(err) => {
      if errors.Is(err, fs.ErrNotExist) { return Ok([]) }
      return Err(err).wrap_err(f"reading {FILE}")
    },
  }
  let mut items: Slice<models.Task> = []
  json.Unmarshal(bytes, &items).wrap_err(f"parsing {FILE}")?
  Ok(items)
}

pub fn save(items: Slice<models.Task>) -> Result<(), error> {
  let data = json.MarshalIndent(items, "", "  ").wrap_err("encoding tasks")?
  let permissions = 0o644 as fs.FileMode
  os.WriteFile(FILE, data, permissions).wrap_err(f"writing {FILE}")?
  Ok(())
}

pub fn next_id(items: Slice<models.Task>) -> int {
  items.fold(0, |highest, t| max(highest, t.id)) + 1
}

pub fn set_status(
  items: Slice<models.Task>,
  id: int,
  status: models.Status,
) -> Result<Slice<models.Task>, error> {
  let Some(_) = items.find(|t| t.id == id) else {
    return Err(errors.New(f"task #{id} not found"))
  }
  let updated = items.map(|t| {
    if t.id == id { models.Task { status, ..t } } else { t }
  })
  Ok(updated)
}
