---
source: tests/spec/infer/try.rs
---
  ✕ `DbError` does not implement `AppError`
    ╭─[test.lis:16:17]
 15 │     fn handler() -> Result<int, AppError> {
 16 │       let row = query()?
    ·                 ────┬───
    ·                     ╰── `AppError` needed here
 17 │       Ok(row.length())
    ╰────
  help: One method does not satisfy `AppError`:
        Missing:
          fn status(self: DbError) -> int
  code: [infer.interface_not_implemented]
