---
source: tests/spec/parse/mod.rs
description: |
  
  struct Data {}
  fn foo(d: Data) -> Result<Data, Data> {
    Ok(d)
  }
  fn test() {
    if let Err(err) = foo(Data {}) { panic(err) }
    let _ = match foo(Data {}) {
      Ok(d) => d,
      Err(err) => panic(err)
    };
  }
---
[
    Struct {
        doc: None,
        attributes: [],
        name: "Data",
        name_span: Span {
            file_id: 0,
            byte_offset: 8,
            byte_length: 4,
        },
        generics: [],
        fields: Record(
            [],
        ),
        visibility: Private,
        span: Span {
            file_id: 0,
            byte_offset: 1,
            byte_length: 14,
        },
    },
    Function {
        doc: None,
        attributes: [],
        name: "foo",
        name_span: Span {
            file_id: 0,
            byte_offset: 19,
            byte_length: 3,
        },
        generics: [],
        params: [
            Binding {
                pattern: Identifier {
                    identifier: "d",
                    span: Span {
                        file_id: 0,
                        byte_offset: 23,
                        byte_length: 1,
                    },
                },
                annotation: Some(
                    Constructor {
                        name: "Data",
                        params: [],
                        span: Span {
                            file_id: 0,
                            byte_offset: 26,
                            byte_length: 4,
                        },
                    },
                ),
                ty: Var {
                    id: uninferred,
                },
            },
        ],
        return_annotation: Constructor {
            name: "Result",
            params: [
                Constructor {
                    name: "Data",
                    params: [],
                    span: Span {
                        file_id: 0,
                        byte_offset: 42,
                        byte_length: 4,
                    },
                },
                Constructor {
                    name: "Data",
                    params: [],
                    span: Span {
                        file_id: 0,
                        byte_offset: 48,
                        byte_length: 4,
                    },
                },
            ],
            span: Span {
                file_id: 0,
                byte_offset: 35,
                byte_length: 18,
            },
        },
        return_type: Var {
            id: uninferred,
        },
        visibility: Private,
        body: Definition(
            Block {
                items: [
                    Call {
                        expression: Identifier {
                            value: "Ok",
                            ty: Var {
                                id: uninferred,
                            },
                            span: Span {
                                file_id: 0,
                                byte_offset: 58,
                                byte_length: 2,
                            },
                            resolution: Unresolved,
                        },
                        args: [
                            Identifier {
                                value: "d",
                                ty: Var {
                                    id: uninferred,
                                },
                                span: Span {
                                    file_id: 0,
                                    byte_offset: 61,
                                    byte_length: 1,
                                },
                                resolution: Unresolved,
                            },
                        ],
                        spread: None,
                        type_arguments: None,
                        ty: Var {
                            id: uninferred,
                        },
                        span: Span {
                            file_id: 0,
                            byte_offset: 58,
                            byte_length: 5,
                        },
                        call_kind: Unresolved,
                    },
                ],
                ty: Var {
                    id: uninferred,
                },
                span: Span {
                    file_id: 0,
                    byte_offset: 54,
                    byte_length: 11,
                },
            },
        ),
        ty: Var {
            id: uninferred,
        },
        span: Span {
            file_id: 0,
            byte_offset: 16,
            byte_length: 49,
        },
    },
    Function {
        doc: None,
        attributes: [],
        name: "test",
        name_span: Span {
            file_id: 0,
            byte_offset: 69,
            byte_length: 4,
        },
        generics: [],
        params: [],
        return_annotation: Unknown,
        return_type: Var {
            id: uninferred,
        },
        visibility: Private,
        body: Definition(
            Block {
                items: [
                    IfLet {
                        pattern: EnumVariant {
                            identifier: "Err",
                            fields: [
                                Identifier {
                                    identifier: "err",
                                    span: Span {
                                        file_id: 0,
                                        byte_offset: 91,
                                        byte_length: 3,
                                    },
                                },
                            ],
                            rest: false,
                            resolution: Unresolved,
                            ty: Var {
                                id: uninferred,
                            },
                            span: Span {
                                file_id: 0,
                                byte_offset: 87,
                                byte_length: 8,
                            },
                        },
                        scrutinee: Call {
                            expression: Identifier {
                                value: "foo",
                                ty: Var {
                                    id: uninferred,
                                },
                                span: Span {
                                    file_id: 0,
                                    byte_offset: 98,
                                    byte_length: 3,
                                },
                                resolution: Unresolved,
                            },
                            args: [
                                StructCall {
                                    name: "Data",
                                    field_assignments: [],
                                    spread: None,
                                    ty: Var {
                                        id: uninferred,
                                    },
                                    span: Span {
                                        file_id: 0,
                                        byte_offset: 102,
                                        byte_length: 7,
                                    },
                                },
                            ],
                            spread: None,
                            type_arguments: None,
                            ty: Var {
                                id: uninferred,
                            },
                            span: Span {
                                file_id: 0,
                                byte_offset: 98,
                                byte_length: 12,
                            },
                            call_kind: Unresolved,
                        },
                        consequence: Block {
                            items: [
                                Call {
                                    expression: Identifier {
                                        value: "panic",
                                        ty: Var {
                                            id: uninferred,
                                        },
                                        span: Span {
                                            file_id: 0,
                                            byte_offset: 113,
                                            byte_length: 5,
                                        },
                                        resolution: Unresolved,
                                    },
                                    args: [
                                        Identifier {
                                            value: "err",
                                            ty: Var {
                                                id: uninferred,
                                            },
                                            span: Span {
                                                file_id: 0,
                                                byte_offset: 119,
                                                byte_length: 3,
                                            },
                                            resolution: Unresolved,
                                        },
                                    ],
                                    spread: None,
                                    type_arguments: None,
                                    ty: Var {
                                        id: uninferred,
                                    },
                                    span: Span {
                                        file_id: 0,
                                        byte_offset: 113,
                                        byte_length: 10,
                                    },
                                    call_kind: Unresolved,
                                },
                            ],
                            ty: Var {
                                id: uninferred,
                            },
                            span: Span {
                                file_id: 0,
                                byte_offset: 111,
                                byte_length: 14,
                            },
                        },
                        alternative: Absent,
                        ty: Var {
                            id: uninferred,
                        },
                        span: Span {
                            file_id: 0,
                            byte_offset: 80,
                            byte_length: 45,
                        },
                    },
                    Let {
                        binding: Binding {
                            pattern: WildCard {
                                span: Span {
                                    file_id: 0,
                                    byte_offset: 132,
                                    byte_length: 1,
                                },
                            },
                            annotation: None,
                            ty: Var {
                                id: uninferred,
                            },
                        },
                        value: Match {
                            subject: Call {
                                expression: Identifier {
                                    value: "foo",
                                    ty: Var {
                                        id: uninferred,
                                    },
                                    span: Span {
                                        file_id: 0,
                                        byte_offset: 142,
                                        byte_length: 3,
                                    },
                                    resolution: Unresolved,
                                },
                                args: [
                                    StructCall {
                                        name: "Data",
                                        field_assignments: [],
                                        spread: None,
                                        ty: Var {
                                            id: uninferred,
                                        },
                                        span: Span {
                                            file_id: 0,
                                            byte_offset: 146,
                                            byte_length: 7,
                                        },
                                    },
                                ],
                                spread: None,
                                type_arguments: None,
                                ty: Var {
                                    id: uninferred,
                                },
                                span: Span {
                                    file_id: 0,
                                    byte_offset: 142,
                                    byte_length: 12,
                                },
                                call_kind: Unresolved,
                            },
                            arms: [
                                MatchArm {
                                    pattern: EnumVariant {
                                        identifier: "Ok",
                                        fields: [
                                            Identifier {
                                                identifier: "d",
                                                span: Span {
                                                    file_id: 0,
                                                    byte_offset: 164,
                                                    byte_length: 1,
                                                },
                                            },
                                        ],
                                        rest: false,
                                        resolution: Unresolved,
                                        ty: Var {
                                            id: uninferred,
                                        },
                                        span: Span {
                                            file_id: 0,
                                            byte_offset: 161,
                                            byte_length: 5,
                                        },
                                    },
                                    expression: Identifier {
                                        value: "d",
                                        ty: Var {
                                            id: uninferred,
                                        },
                                        span: Span {
                                            file_id: 0,
                                            byte_offset: 170,
                                            byte_length: 1,
                                        },
                                        resolution: Unresolved,
                                    },
                                },
                                MatchArm {
                                    pattern: EnumVariant {
                                        identifier: "Err",
                                        fields: [
                                            Identifier {
                                                identifier: "err",
                                                span: Span {
                                                    file_id: 0,
                                                    byte_offset: 181,
                                                    byte_length: 3,
                                                },
                                            },
                                        ],
                                        rest: false,
                                        resolution: Unresolved,
                                        ty: Var {
                                            id: uninferred,
                                        },
                                        span: Span {
                                            file_id: 0,
                                            byte_offset: 177,
                                            byte_length: 8,
                                        },
                                    },
                                    expression: Call {
                                        expression: Identifier {
                                            value: "panic",
                                            ty: Var {
                                                id: uninferred,
                                            },
                                            span: Span {
                                                file_id: 0,
                                                byte_offset: 189,
                                                byte_length: 5,
                                            },
                                            resolution: Unresolved,
                                        },
                                        args: [
                                            Identifier {
                                                value: "err",
                                                ty: Var {
                                                    id: uninferred,
                                                },
                                                span: Span {
                                                    file_id: 0,
                                                    byte_offset: 195,
                                                    byte_length: 3,
                                                },
                                                resolution: Unresolved,
                                            },
                                        ],
                                        spread: None,
                                        type_arguments: None,
                                        ty: Var {
                                            id: uninferred,
                                        },
                                        span: Span {
                                            file_id: 0,
                                            byte_offset: 189,
                                            byte_length: 10,
                                        },
                                        call_kind: Unresolved,
                                    },
                                },
                            ],
                            ty: Var {
                                id: uninferred,
                            },
                            span: Span {
                                file_id: 0,
                                byte_offset: 136,
                                byte_length: 67,
                            },
                        },
                        mode: Plain,
                        ty: Var {
                            id: uninferred,
                        },
                        span: Span {
                            file_id: 0,
                            byte_offset: 128,
                            byte_length: 75,
                        },
                    },
                ],
                ty: Var {
                    id: uninferred,
                },
                span: Span {
                    file_id: 0,
                    byte_offset: 76,
                    byte_length: 130,
                },
            },
        ),
        ty: Var {
            id: uninferred,
        },
        span: Span {
            file_id: 0,
            byte_offset: 66,
            byte_length: 140,
        },
    },
]
