// Generated by Lisette bindgen
// Source: text/template/parse (Go stdlib)
// Go: 1.26.7
// Lisette: 0.12.1

/// NodeType identifies the type of a parse tree node.
pub struct NodeType(int)

pub const NodeAction: NodeType = 1

pub const NodeBool: NodeType = 2

pub const NodeBreak: NodeType = 21

pub const NodeChain: NodeType = 3

pub const NodeCommand: NodeType = 4

pub const NodeComment: NodeType = 20

pub const NodeContinue: NodeType = 22

pub const NodeDot: NodeType = 5

pub const NodeField: NodeType = 8

pub const NodeIdentifier: NodeType = 9

pub const NodeIf: NodeType = 10

pub const NodeList: NodeType = 11

pub const NodeNil: NodeType = 12

pub const NodeNumber: NodeType = 13

pub const NodePipe: NodeType = 14

pub const NodeRange: NodeType = 15

pub const NodeString: NodeType = 16

pub const NodeTemplate: NodeType = 17

pub const NodeText: NodeType = 0

pub const NodeVariable: NodeType = 18

pub const NodeWith: NodeType = 19

/// IsEmptyTree reports whether this tree (node) is empty of everything but space or comments.
pub fn IsEmptyTree(n: Option<Node>) -> bool

/// New allocates a new parse tree with the given name.
pub fn New(name: string, funcs: VarArgs<Map<string, Unknown>>) -> mut Ref<Tree>

/// NewIdentifier returns a new [IdentifierNode] with the given identifier name.
pub fn NewIdentifier(ident: string) -> mut Ref<IdentifierNode>

/// Parse returns a map from template name to [Tree], created by parsing the
/// templates described in the argument string. The top-level template will be
/// given the specified name. If an error is encountered, parsing stops and an
/// empty map is returned with the error.
pub fn Parse(
  name: string,
  text: string,
  leftDelim: string,
  rightDelim: string,
  funcs: VarArgs<Map<string, Unknown>>,
) -> Result<mut Map<string, mut Ref<Tree>>, error>

/// ActionNode holds an action (something bounded by delimiters).
/// Control actions have their own nodes; ActionNode represents simple
/// ones such as field evaluations and parenthesized pipelines.
#[go(hidden_embed)]
#[go(hidden_fields)]
pub struct ActionNode {
  pub NodeType: NodeType,
  pub Pos: Pos,
  pub Line: int,
  pub Pipe: Option<mut Ref<PipeNode>>,
}

/// BoolNode holds a boolean constant.
#[go(hidden_embed)]
#[go(hidden_fields)]
pub struct BoolNode {
  pub NodeType: NodeType,
  pub Pos: Pos,
  pub True: bool,
}

/// BranchNode is the common representation of if, range, and with.
#[go(hidden_embed)]
#[go(hidden_fields)]
pub struct BranchNode {
  pub NodeType: NodeType,
  pub Pos: Pos,
  pub Line: int,
  pub Pipe: Option<mut Ref<PipeNode>>,
  pub List: Option<mut Ref<ListNode>>,
  pub ElseList: Option<mut Ref<ListNode>>,
}

/// BreakNode represents a {{break}} action.
#[go(hidden_embed)]
#[go(hidden_fields)]
pub struct BreakNode {
  pub NodeType: NodeType,
  pub Pos: Pos,
  pub Line: int,
}

/// ChainNode holds a term followed by a chain of field accesses (identifier starting with '.').
/// The names may be chained ('.x.y').
/// The periods are dropped from each ident.
#[go(hidden_embed)]
#[go(hidden_fields)]
pub struct ChainNode {
  pub NodeType: NodeType,
  pub Pos: Pos,
  pub Node: Option<Node>,
  pub Field: mut Slice<string>,
}

/// CommandNode holds a command (a pipeline inside an evaluating action).
#[go(hidden_embed)]
#[go(hidden_fields)]
pub struct CommandNode {
  pub NodeType: NodeType,
  pub Pos: Pos,
  pub Args: mut Slice<Option<Node>>,
}

/// CommentNode holds a comment.
#[go(hidden_embed)]
#[go(hidden_fields)]
pub struct CommentNode {
  pub NodeType: NodeType,
  pub Pos: Pos,
  pub Text: string,
}

/// ContinueNode represents a {{continue}} action.
#[go(hidden_embed)]
#[go(hidden_fields)]
pub struct ContinueNode {
  pub NodeType: NodeType,
  pub Pos: Pos,
  pub Line: int,
}

/// DotNode holds the special identifier '.'.
#[go(hidden_embed)]
#[go(hidden_fields)]
pub struct DotNode {
  pub NodeType: NodeType,
  pub Pos: Pos,
}

/// FieldNode holds a field (identifier starting with '.').
/// The names may be chained ('.x.y').
/// The period is dropped from each ident.
#[go(hidden_embed)]
#[go(hidden_fields)]
pub struct FieldNode {
  pub NodeType: NodeType,
  pub Pos: Pos,
  pub Ident: mut Slice<string>,
}

/// IdentifierNode holds an identifier.
#[go(hidden_embed)]
#[go(hidden_fields)]
pub struct IdentifierNode {
  pub NodeType: NodeType,
  pub Pos: Pos,
  pub Ident: string,
}

/// IfNode represents an {{if}} action and its commands.
pub struct IfNode {
  embed mut BranchNode,
}

/// ListNode holds a sequence of nodes.
#[go(hidden_embed)]
#[go(hidden_fields)]
pub struct ListNode {
  pub NodeType: NodeType,
  pub Pos: Pos,
  pub Nodes: mut Slice<Option<Node>>,
}

/// A Mode value is a set of flags (or 0). Modes control parser behavior.
#[go(bit_flag_set)]
pub struct Mode(uint)

/// NilNode holds the special identifier 'nil' representing an untyped nil constant.
#[go(hidden_embed)]
#[go(hidden_fields)]
pub struct NilNode {
  pub NodeType: NodeType,
  pub Pos: Pos,
}

/// A Node is an element in the parse tree. The interface is trivial.
/// The interface contains an unexported method so that only
/// types local to this package can satisfy it.
pub interface Node {
  fn Copy() -> Option<Node>
  fn Position() -> Pos
  fn String() -> string
  fn Type() -> NodeType
  #[go(unexported, "text/template/parse.tree() *text/template/parse.Tree")]
  fn tree()
  #[go(unexported, "text/template/parse.writeTo(*strings.Builder)")]
  fn writeTo()
}

/// NumberNode holds a number: signed or unsigned integer, float, or complex.
/// The value is parsed and stored under all the types that can represent the value.
/// This simulates in a small amount of code the behavior of Go's ideal constants.
#[go(hidden_embed)]
#[go(hidden_fields)]
pub struct NumberNode {
  pub NodeType: NodeType,
  pub Pos: Pos,
  pub IsInt: bool,
  pub IsUint: bool,
  pub IsFloat: bool,
  pub IsComplex: bool,
  pub Int64: int64,
  pub Uint64: uint64,
  pub Float64: float64,
  pub Complex128: complex128,
  pub Text: string,
}

/// PipeNode holds a pipeline with optional declaration
#[go(hidden_embed)]
#[go(hidden_fields)]
pub struct PipeNode {
  pub NodeType: NodeType,
  pub Pos: Pos,
  pub Line: int,
  pub IsAssign: bool,
  pub Decl: mut Slice<Option<mut Ref<VariableNode>>>,
  pub Cmds: mut Slice<Option<mut Ref<CommandNode>>>,
}

/// Pos represents a byte position in the original input text from which
/// this template was parsed.
pub struct Pos(int)

/// RangeNode represents a {{range}} action and its commands.
pub struct RangeNode {
  embed mut BranchNode,
}

/// StringNode holds a string constant. The value has been "unquoted".
#[go(hidden_embed)]
#[go(hidden_fields)]
pub struct StringNode {
  pub NodeType: NodeType,
  pub Pos: Pos,
  pub Quoted: string,
  pub Text: string,
}

/// TemplateNode represents a {{template}} action.
#[go(hidden_embed)]
#[go(hidden_fields)]
pub struct TemplateNode {
  pub NodeType: NodeType,
  pub Pos: Pos,
  pub Line: int,
  pub Name: string,
  pub Pipe: Option<mut Ref<PipeNode>>,
}

/// TextNode holds plain text.
#[go(hidden_embed)]
#[go(hidden_fields)]
pub struct TextNode {
  pub NodeType: NodeType,
  pub Pos: Pos,
  pub Text: mut Slice<byte>,
}

/// Tree is the representation of a single parsed template.
#[go(hidden_fields)]
#[go(zero_unsafe)]
pub struct Tree {
  pub Name: string,
  pub ParseName: string,
  pub Root: Option<mut Ref<ListNode>>,
  pub Mode: Mode,
}

/// VariableNode holds a list of variable names, possibly with chained field
/// accesses. The dollar sign is part of the (first) name.
#[go(hidden_embed)]
#[go(hidden_fields)]
pub struct VariableNode {
  pub NodeType: NodeType,
  pub Pos: Pos,
  pub Ident: mut Slice<string>,
}

/// WithNode represents a {{with}} action and its commands.
pub struct WithNode {
  embed mut BranchNode,
}

pub const ParseComments: Mode = 1

pub const SkipFuncCheck: Mode = 2

impl ActionNode {
  fn Copy(self: Ref<ActionNode>) -> Node

  fn Position(self) -> Pos

  fn String(self: Ref<ActionNode>) -> string

  /// Type returns itself and provides an easy default implementation
  /// for embedding in a Node. Embedded in all non-trivial Nodes.
  fn Type(self) -> NodeType

  #[go(unexported, "text/template/parse.tree() *text/template/parse.Tree")]
  fn tree(self: Ref<ActionNode>)

  #[go(unexported, "text/template/parse.writeTo(*strings.Builder)")]
  fn writeTo(self: Ref<ActionNode>)
}

impl BoolNode {
  fn Copy(self: Ref<BoolNode>) -> Node

  fn Position(self) -> Pos

  fn String(self: Ref<BoolNode>) -> string

  /// Type returns itself and provides an easy default implementation
  /// for embedding in a Node. Embedded in all non-trivial Nodes.
  fn Type(self) -> NodeType

  #[go(unexported, "text/template/parse.tree() *text/template/parse.Tree")]
  fn tree(self: Ref<BoolNode>)

  #[go(unexported, "text/template/parse.writeTo(*strings.Builder)")]
  fn writeTo(self: Ref<BoolNode>)
}

impl BranchNode {
  fn Copy(self: Ref<BranchNode>) -> Node

  fn Position(self) -> Pos

  fn String(self: Ref<BranchNode>) -> string

  /// Type returns itself and provides an easy default implementation
  /// for embedding in a Node. Embedded in all non-trivial Nodes.
  fn Type(self) -> NodeType

  #[go(unexported, "text/template/parse.tree() *text/template/parse.Tree")]
  fn tree(self: Ref<BranchNode>)

  #[go(unexported, "text/template/parse.writeTo(*strings.Builder)")]
  fn writeTo(self: Ref<BranchNode>)
}

impl BreakNode {
  fn Copy(self: Ref<BreakNode>) -> Node

  fn Position(self) -> Pos

  fn String(self: Ref<BreakNode>) -> string

  /// Type returns itself and provides an easy default implementation
  /// for embedding in a Node. Embedded in all non-trivial Nodes.
  fn Type(self) -> NodeType

  #[go(unexported, "text/template/parse.tree() *text/template/parse.Tree")]
  fn tree(self: Ref<BreakNode>)

  #[go(unexported, "text/template/parse.writeTo(*strings.Builder)")]
  fn writeTo(self: Ref<BreakNode>)
}

impl ChainNode {
  /// Add adds the named field (which should start with a period) to the end of the chain.
  fn Add(self: mut Ref<ChainNode>, field: string)

  fn Copy(self: Ref<ChainNode>) -> Node

  fn Position(self) -> Pos

  fn String(self: Ref<ChainNode>) -> string

  /// Type returns itself and provides an easy default implementation
  /// for embedding in a Node. Embedded in all non-trivial Nodes.
  fn Type(self) -> NodeType

  #[go(unexported, "text/template/parse.tree() *text/template/parse.Tree")]
  fn tree(self: Ref<ChainNode>)

  #[go(unexported, "text/template/parse.writeTo(*strings.Builder)")]
  fn writeTo(self: Ref<ChainNode>)
}

impl CommandNode {
  fn Copy(self: Ref<CommandNode>) -> Node

  fn Position(self) -> Pos

  fn String(self: Ref<CommandNode>) -> string

  /// Type returns itself and provides an easy default implementation
  /// for embedding in a Node. Embedded in all non-trivial Nodes.
  fn Type(self) -> NodeType

  #[go(unexported, "text/template/parse.tree() *text/template/parse.Tree")]
  fn tree(self: Ref<CommandNode>)

  #[go(unexported, "text/template/parse.writeTo(*strings.Builder)")]
  fn writeTo(self: Ref<CommandNode>)
}

impl CommentNode {
  fn Copy(self: Ref<CommentNode>) -> Node

  fn Position(self) -> Pos

  fn String(self: Ref<CommentNode>) -> string

  /// Type returns itself and provides an easy default implementation
  /// for embedding in a Node. Embedded in all non-trivial Nodes.
  fn Type(self) -> NodeType

  #[go(unexported, "text/template/parse.tree() *text/template/parse.Tree")]
  fn tree(self: Ref<CommentNode>)

  #[go(unexported, "text/template/parse.writeTo(*strings.Builder)")]
  fn writeTo(self: Ref<CommentNode>)
}

impl ContinueNode {
  fn Copy(self: Ref<ContinueNode>) -> Node

  fn Position(self) -> Pos

  fn String(self: Ref<ContinueNode>) -> string

  /// Type returns itself and provides an easy default implementation
  /// for embedding in a Node. Embedded in all non-trivial Nodes.
  fn Type(self) -> NodeType

  #[go(unexported, "text/template/parse.tree() *text/template/parse.Tree")]
  fn tree(self: Ref<ContinueNode>)

  #[go(unexported, "text/template/parse.writeTo(*strings.Builder)")]
  fn writeTo(self: Ref<ContinueNode>)
}

impl DotNode {
  fn Copy(self: Ref<DotNode>) -> Node

  fn Position(self) -> Pos

  fn String(self: Ref<DotNode>) -> string

  fn Type(self: Ref<DotNode>) -> NodeType

  #[go(unexported, "text/template/parse.tree() *text/template/parse.Tree")]
  fn tree(self: Ref<DotNode>)

  #[go(unexported, "text/template/parse.writeTo(*strings.Builder)")]
  fn writeTo(self: Ref<DotNode>)
}

impl FieldNode {
  fn Copy(self: Ref<FieldNode>) -> Node

  fn Position(self) -> Pos

  fn String(self: Ref<FieldNode>) -> string

  /// Type returns itself and provides an easy default implementation
  /// for embedding in a Node. Embedded in all non-trivial Nodes.
  fn Type(self) -> NodeType

  #[go(unexported, "text/template/parse.tree() *text/template/parse.Tree")]
  fn tree(self: Ref<FieldNode>)

  #[go(unexported, "text/template/parse.writeTo(*strings.Builder)")]
  fn writeTo(self: Ref<FieldNode>)
}

impl IdentifierNode {
  fn Copy(self: Ref<IdentifierNode>) -> Node

  fn Position(self) -> Pos

  /// SetPos sets the position. [NewIdentifier] is a public method so we can't modify its signature.
  /// Chained for convenience.
  /// TODO: fix one day?
  #[allow(unused_value)]
  fn SetPos(self: mut Ref<IdentifierNode>, pos: Pos) -> mut Ref<IdentifierNode>

  /// SetTree sets the parent tree for the node. [NewIdentifier] is a public method so we can't modify its signature.
  /// Chained for convenience.
  /// TODO: fix one day?
  #[allow(unused_value)]
  fn SetTree(
    self: mut Ref<IdentifierNode>,
    t: Ref<Tree>,
  ) -> mut Ref<IdentifierNode>

  fn String(self: Ref<IdentifierNode>) -> string

  /// Type returns itself and provides an easy default implementation
  /// for embedding in a Node. Embedded in all non-trivial Nodes.
  fn Type(self) -> NodeType

  #[go(unexported, "text/template/parse.tree() *text/template/parse.Tree")]
  fn tree(self: Ref<IdentifierNode>)

  #[go(unexported, "text/template/parse.writeTo(*strings.Builder)")]
  fn writeTo(self: Ref<IdentifierNode>)
}

impl IfNode {
  fn Copy(self: Ref<IfNode>) -> Node
}

impl ListNode {
  fn Copy(self: Ref<ListNode>) -> Node

  fn CopyList(self: Ref<ListNode>) -> mut Ref<ListNode>

  fn Position(self) -> Pos

  fn String(self: Ref<ListNode>) -> string

  /// Type returns itself and provides an easy default implementation
  /// for embedding in a Node. Embedded in all non-trivial Nodes.
  fn Type(self) -> NodeType

  #[go(unexported, "text/template/parse.tree() *text/template/parse.Tree")]
  fn tree(self: Ref<ListNode>)

  #[go(unexported, "text/template/parse.writeTo(*strings.Builder)")]
  fn writeTo(self: Ref<ListNode>)
}

impl NilNode {
  fn Copy(self: Ref<NilNode>) -> Node

  fn Position(self) -> Pos

  fn String(self: Ref<NilNode>) -> string

  fn Type(self: Ref<NilNode>) -> NodeType

  #[go(unexported, "text/template/parse.tree() *text/template/parse.Tree")]
  fn tree(self: Ref<NilNode>)

  #[go(unexported, "text/template/parse.writeTo(*strings.Builder)")]
  fn writeTo(self: Ref<NilNode>)
}

impl NodeType {
  /// Type returns itself and provides an easy default implementation
  /// for embedding in a Node. Embedded in all non-trivial Nodes.
  fn Type(self) -> NodeType
}

impl NumberNode {
  fn Copy(self: Ref<NumberNode>) -> Node

  fn Position(self) -> Pos

  fn String(self: Ref<NumberNode>) -> string

  /// Type returns itself and provides an easy default implementation
  /// for embedding in a Node. Embedded in all non-trivial Nodes.
  fn Type(self) -> NodeType

  #[go(unexported, "text/template/parse.tree() *text/template/parse.Tree")]
  fn tree(self: Ref<NumberNode>)

  #[go(unexported, "text/template/parse.writeTo(*strings.Builder)")]
  fn writeTo(self: Ref<NumberNode>)
}

impl PipeNode {
  fn Copy(self: Ref<PipeNode>) -> Node

  fn CopyPipe(self: Ref<PipeNode>) -> mut Ref<PipeNode>

  fn Position(self) -> Pos

  fn String(self: Ref<PipeNode>) -> string

  /// Type returns itself and provides an easy default implementation
  /// for embedding in a Node. Embedded in all non-trivial Nodes.
  fn Type(self) -> NodeType

  #[go(unexported, "text/template/parse.tree() *text/template/parse.Tree")]
  fn tree(self: Ref<PipeNode>)

  #[go(unexported, "text/template/parse.writeTo(*strings.Builder)")]
  fn writeTo(self: Ref<PipeNode>)
}

impl Pos {
  fn Position(self) -> Pos
}

impl RangeNode {
  fn Copy(self: Ref<RangeNode>) -> Node
}

impl StringNode {
  fn Copy(self: Ref<StringNode>) -> Node

  fn Position(self) -> Pos

  fn String(self: Ref<StringNode>) -> string

  /// Type returns itself and provides an easy default implementation
  /// for embedding in a Node. Embedded in all non-trivial Nodes.
  fn Type(self) -> NodeType

  #[go(unexported, "text/template/parse.tree() *text/template/parse.Tree")]
  fn tree(self: Ref<StringNode>)

  #[go(unexported, "text/template/parse.writeTo(*strings.Builder)")]
  fn writeTo(self: Ref<StringNode>)
}

impl TemplateNode {
  fn Copy(self: Ref<TemplateNode>) -> Node

  fn Position(self) -> Pos

  fn String(self: Ref<TemplateNode>) -> string

  /// Type returns itself and provides an easy default implementation
  /// for embedding in a Node. Embedded in all non-trivial Nodes.
  fn Type(self) -> NodeType

  #[go(unexported, "text/template/parse.tree() *text/template/parse.Tree")]
  fn tree(self: Ref<TemplateNode>)

  #[go(unexported, "text/template/parse.writeTo(*strings.Builder)")]
  fn writeTo(self: Ref<TemplateNode>)
}

impl TextNode {
  fn Copy(self: Ref<TextNode>) -> Node

  fn Position(self) -> Pos

  fn String(self: Ref<TextNode>) -> string

  /// Type returns itself and provides an easy default implementation
  /// for embedding in a Node. Embedded in all non-trivial Nodes.
  fn Type(self) -> NodeType

  #[go(unexported, "text/template/parse.tree() *text/template/parse.Tree")]
  fn tree(self: Ref<TextNode>)

  #[go(unexported, "text/template/parse.writeTo(*strings.Builder)")]
  fn writeTo(self: Ref<TextNode>)
}

impl Tree {
  /// Copy returns a copy of the [Tree]. Any parsing state is discarded.
  fn Copy(self: Ref<Tree>) -> mut Ref<Tree>

  /// ErrorContext returns a textual representation of the location of the node in the input text.
  /// The receiver is only used when the node does not have a pointer to the tree inside,
  /// which can occur in old code.
  fn ErrorContext(self: Ref<Tree>, n: Node) -> (string, string)

  /// Parse parses the template definition string to construct a representation of
  /// the template for execution. If either action delimiter string is empty, the
  /// default ("{{" or "}}") is used. Embedded template definitions are added to
  /// the treeSet map.
  fn Parse(
    self: mut Ref<Tree>,
    text: string,
    leftDelim: string,
    rightDelim: string,
    treeSet: Map<string, Ref<Tree>>,
    funcs: VarArgs<Map<string, Unknown>>,
  ) -> Result<mut Ref<Tree>, error>
}

impl VariableNode {
  fn Copy(self: Ref<VariableNode>) -> Node

  fn Position(self) -> Pos

  fn String(self: Ref<VariableNode>) -> string

  /// Type returns itself and provides an easy default implementation
  /// for embedding in a Node. Embedded in all non-trivial Nodes.
  fn Type(self) -> NodeType

  #[go(unexported, "text/template/parse.tree() *text/template/parse.Tree")]
  fn tree(self: Ref<VariableNode>)

  #[go(unexported, "text/template/parse.writeTo(*strings.Builder)")]
  fn writeTo(self: Ref<VariableNode>)
}

impl WithNode {
  fn Copy(self: Ref<WithNode>) -> Node
}
