import "go:errors"

pub enum Priority {
  Low,
  Medium,
  High,
}

impl Priority {
  pub fn label(self) -> string {
    match self {
      Low => "low",
      Medium => "medium",
      High => "high",
    }
  }
}

pub fn parse_priority(s: string) -> Result<Priority, error> {
  match s {
    "low" => Ok(Priority.Low),
    "medium" => Ok(Priority.Medium),
    "high" => Ok(Priority.High),
    other => Err(errors.New(
      f"unknown priority: '{other}' (expected low, medium, or high)",
    )),
  }
}

pub enum Status {
  Pending,
  Done,
  Cancelled(string),
}

impl Status {
  pub fn is_cancelled(self) -> bool {
    match self {
      Cancelled(_) => true,
      _ => false,
    }
  }

  pub fn label(self) -> string {
    match self {
      Pending => "pending",
      Done => "done",
      Cancelled(reason) => f"cancelled: {reason}",
    }
  }
}
