#[json]
pub struct Task {
  pub id: int,
  pub title: string,
  pub priority: Priority,
  pub status: Status,
  pub tags: Slice<string>,
}

impl Task {
  pub fn new(
    id: int,
    title: string,
    priority: Priority,
    tags: Slice<string>,
  ) -> Task {
    Task { id, title, priority, status: Status.Pending, tags }
  }

  pub fn display(self) -> string {
    let icon = match self.status {
      Pending => "○",
      Done => "●",
      Cancelled(_) => "✕",
    }

    let priority = match self.priority {
      High => " !!",
      Medium => " !",
      Low => "",
    }

    let tags = match self.tags {
      [] => "",
      _ => f" [{self.tags.join(", ")}]",
    }

    let note = match self.status {
      Cancelled(_) => f" ({self.status.label()})",
      _ => "",
    }

    f"  {icon} #{self.id} {self.title}{priority}{tags}{note}"
  }
}
