import "go:errors"
import "go:fmt"
import "go:strconv"
import "go:strings"
import "go:time"

import "display"
import "models"
import "store"

pub fn add(args: Slice<string>) -> Result<(), error> {
  let Some(title) = args.get(2) else {
    return Err(errors.New(
      "usage: add <title> [--priority low|medium|high] [--tags a,b,c]",
    ))
  }

  let mut priority = models.Priority.Medium
  let mut tags: Slice<string> = []

  let mut i = 3
  while i < args.length() {
    match args[i] {
      "--priority" => {
        let Some(val) = args.get(i + 1) else {
          return Err(errors.New("--priority requires a value"))
        }
        priority = models.parse_priority(val)?
        i += 2
      },
      "--tags" => {
        let Some(val) = args.get(i + 1) else {
          return Err(errors.New("--tags requires a value"))
        }
        tags = strings.Split(val, ",")
        i += 2
      },
      other => return Err(errors.New(f"unknown flag: '{other}'")),
    }
  }

  let items = store.load()?
  let id = store.next_id(items)
  let item = models.Task.new(id, title, priority, tags)
  let items = items.append(item)
  store.save(items)?

  fmt.Println(f"Added task #{id}: {title} ({priority.label()} priority)")
  Ok(())
}

pub fn done(args: Slice<string>) -> Result<(), error> {
  let Some(raw) = args.get(2) else {
    return Err(errors.New("usage: done <id>"))
  }
  let id = parse_id(raw)?

  let items = store.load()?
  let items = store.set_status(items, id, models.Status.Done)?
  store.save(items)?

  fmt.Println(f"Completed task #{id}")
  Ok(())
}

pub fn cancel(args: Slice<string>) -> Result<(), error> {
  let Some(raw) = args.get(2) else {
    return Err(errors.New("usage: cancel <id> <reason>"))
  }
  let Some(reason) = args.get(3) else {
    return Err(errors.New("usage: cancel <id> <reason>"))
  }
  let id = parse_id(raw)?

  let items = store.load()?
  let items = store.set_status(items, id, models.Status.Cancelled(reason))?
  store.save(items)?

  fmt.Println(f"Cancelled task #{id}")
  Ok(())
}

pub fn list() -> Result<(), error> {
  let items = store.load()?
  let pending = items.filter(|t| t.status == models.Status.Pending)
  let done = items.filter(|t| t.status == models.Status.Done)
  let cancelled = items.filter(|t| t.status.is_cancelled())

  display.print_tasks("Pending", pending)
  display.print_tasks("Done", done)
  display.print_tasks("Cancelled", cancelled)
  Ok(())
}

pub fn stats() -> Result<(), error> {
  let items = store.load()?
  display.print_stats(items)
  Ok(())
}

pub fn watch() -> Result<(), error> {
  let ch = Channel.new<bool>()

  task {
    loop {
      time.Sleep(2 * time.Second)
      ch.send(true)
    }
  }

  fmt.Println("Watching tasks (Ctrl+C to stop)...")
  list()?

  for _ in ch {
    fmt.Println("\x1b[2J\x1b[H")
    list()?
  }
  Ok(())
}

fn parse_id(s: string) -> Result<int, error> {
  strconv.Atoi(s).wrap_err(f"'{s}' is not a valid task ID")
}
