// Generated by Lisette bindgen
// Source: index/suffixarray (Go stdlib)
// Go: 1.26.7
// Lisette: 0.12.1

import "go:io"
import "go:regexp"

/// New creates a new [Index] for data.
/// [Index] creation time is O(N) for N = len(data).
pub fn New(data: Slice<byte>) -> mut Ref<Index>

/// Index implements a suffix array for fast substring search.
pub type Index

impl Index {
  /// Bytes returns the data over which the index was created.
  /// It must not be modified.
  fn Bytes(self: Ref<Index>) -> Slice<byte>

  /// FindAllIndex returns a sorted list of non-overlapping matches of the
  /// regular expression r, where a match is a pair of indices specifying
  /// the matched slice of x.Bytes(). If n < 0, all matches are returned
  /// in successive order. Otherwise, at most n matches are returned and
  /// they may not be successive. The result is nil if there are no matches,
  /// or if n == 0.
  fn FindAllIndex(
    self: Ref<Index>,
    r: Ref<regexp.Regexp>,
    n: int,
  ) -> mut Slice<mut Slice<int>>

  /// Lookup returns an unsorted list of at most n indices where the byte string s
  /// occurs in the indexed data. If n < 0, all occurrences are returned.
  /// The result is nil if s is empty, s is not found, or n == 0.
  /// Lookup time is O(log(N)*len(s) + len(result)) where N is the
  /// size of the indexed data.
  fn Lookup(self: Ref<Index>, s: Slice<byte>, n: int) -> mut Slice<int>

  /// Read reads the index from r into x; x must not be nil.
  fn Read(self: mut Ref<Index>, r: io.Reader) -> Result<(), error>

  /// Write writes the index x to w.
  fn Write(self: Ref<Index>, w: io.Writer) -> Result<(), error>
}
