---
source: tests/ui/lint/mod.rs
---
  ✕ Always-true comparison
   ╭─[test.lis:4:11]
 3 │   let x = 5;
 4 │   let _ = x <= 0 || x == 1 || x >= 2
   ·           ─────────────┬────────────
   ·                        ╰── always `true`
 5 │ }
   ╰────
  help: Every value satisfies at least one side, so this `||` is always `true`. Check the bounds, or did you mean `&&`? · code: [infer.always_true_disjunction]
