---
source: tests/ui/lint/mod.rs
---
  ● Manual `map_or`
   ╭─[test.lis:8:11]
 7 │   let o: Option<int> = Some(1)
 8 │   let _ = match o {
   ·           ──┬──
   ·             ╰── can be simpler
 9 │     Some(v) => v + 1,
   ╰────
  help: Replace this `match` with `.map_or_else(...)` · code: [lint.manual_map_or]
