---
source: tests/ui/lint/mod.rs
---
  ● `match` reducible to `if let`
   ╭─[test.lis:3:3]
 2 │ pub fn test(opt: Option<int>) {
 3 │   match opt {
   ·   ──┬──
   ·     ╰── can be simpler
 4 │     Some(x) => { let _ = x; },
   ╰────
  help: Replace this `match` with `if let Some(x) = value { ... }` · code: [lint.match_as_if_let]
