---
source: tests/ui/lint/mod.rs
---
  ▲ Unconditional recursion
    ╭─[test.lis:10:3]
  9 │   }
 10 │   spawn_wrap(n)
    ·   ──────┬──────
    ·         ╰── recurses on every path
 11 │ }
    ╰────
  help: `spawn_wrap` always calls itself, so it overflows the stack instead of returning. Add a base case that returns without recursing · code: [lint.unconditional_recursion]
