---
source: tests/ui/lint/mod.rs
---
  ● Unnecessary `max` call
   ╭─[test.lis:4:11]
 3 │   let x: int = 3
 4 │   let _ = max(x, x)
   ·           ────┬────
   ·               ╰── always returns the same operand
 5 │ }
   ╰────
  help: This `max` always evaluates to one of its operands, so it has no effect. Simplify it to that operand · code: [lint.unnecessary_min_or_max]
