---
source: tests/ui/errors/mod.rs
---
  ✕ Missing write permission
   ╭─[test.lis:8:25]
 7 │ fn rename(base: Holder) -> mut Holder {
 8 │   Holder { name: "x", ..base }
   ·                         ──┬─
   ·                           ╰── `items` comes from a read-only `Holder`
 9 │ }
   ╰────
  help: `items` received less `mut` than declared, so the new `Holder` is read-only where `mut Holder` is expected. Declare the parameter `base` as `mut Holder` · code: [infer.needs_writable]
