---
source: tests/ui/errors/mod.rs
---
  ✕ Complex expression used as sub-expression
    ╭─[test.lis:16:27]
 15 │ fn main() {
 16 │   let _ = side_effect() + make_box().get()
    ·                           ────────┬───────
    ·                                   ╰── expected simple expression
 17 │ }
    ╰────
  help: Hoist to a `let` binding · code: [infer.complex_sub_expression]
