---
source: tests/ui/errors/mod.rs
---
  ✕ Cannot infer type argument
   ╭─[test.lis:7:15]
 6 │ fn main() {
 7 │   let _ = bar(foo_f)
   ·               ──┬──
   ·                 ╰── cannot infer `T` for `foo_f` used as a value
 8 │ }
   ╰────
  help: A generic function used as a value cannot have its type arguments inferred. Give `foo_f` a signature that uses `T`, or remove the unused type parameter · code: [infer.uninferable_generic_reference]
