---
source: tests/ui/errors/mod.rs
---
  ✕ Cannot write to `t2.0[0]`
   ╭─[test.lis:4:3]
 3 │   let mut t2 = t1
 4 │   t2.0[0] = "y"
   ·   ──────┬──────
   ·         ╰── `t2.0` is read-only
 5 │ }
   ╰────
  help: `t2` shares storage with `t1`, which is read-only. Make `t1` writable, or write to a `.clone()` for an independent copy · code: [infer.write_through_read_only]
