---
source: tests/ui/errors/mod.rs
---
  ✕ Missing value at end of block
   ╭─[test.lis:4:12]
 3 │   match x {
 4 │     1 => { let _ = 1 },
   ·            ────┬────
   ·                ╰── produces `()`
 5 │     _ => 2,
   ╰────
  help: This block is of type `()` because its last expression produces `()`, but the block was expected to be of type `int`. End the block with an expression that produces `int` · code: [infer.statement_as_tail]
