---
source: tests/ui/errors/mod.rs
---
  ✕ Name not found
   ╭─[test.lis:3:11]
 2 │ fn test() {
 3 │   let x = unknown_variable;
   ·           ────────┬───────
   ·                   ╰── not declared or imported
 4 │ }
   ╰────
  help: Define or import `unknown_variable` · code: [resolve.name_not_found]
