---
source: tests/ui/errors/mod.rs
---
  ✕ Immutable variable
   ╭─[test.lis:8:8]
 7 │   let data = [3, 1, 2];
 8 │   sort(data)
   ·        ──┬─
   ·          ╰── `data` was declared without `mut`
 9 │ }
   ╰────
  help: `sort()` writes to `data`. Declare using `let mut data` to mark the variable mutable · code: [infer.immutable]
