---
source: tests/ui/errors/mod.rs
---
  ✕ Complex expression used as sub-expression
   ╭─[test.lis:5:27]
 4 │ fn main() {
 5 │   let x = side_effect() + if true { 2 } else { 3 }
   ·                           ────────────┬───────────
   ·                                       ╰── expected simple expression
 6 │ }
   ╰────
  help: Hoist to a `let` binding · code: [infer.complex_sub_expression]
