---
source: tests/ui/errors/mod.rs
---
  ✕ Value in type position
   ╭─[test.lis:3:10]
 2 │ fn test() {
 3 │   let x: Some = Some(1)
   ·          ──┬─
   ·            ╰── expected type, found enum variant
 4 │ }
   ╰────
  help: Use `Option` for the enum type, or call `Some(...)` to construct a value · code: [resolve.value_in_type_position]
