---
source: tests/ui/errors/mod.rs
---
  ✕ Immutable variable
    ╭─[test.lis:12:5]
 11 │   if let Some(Counter { n, .. } as c) = opt {
 12 │     c.bump();
    ·     ───┬──
    ·        ╰── patterns cannot bind with `mut`
 13 │     let _ = n;
    ╰────
  help: Rebind with `let mut c = c`, then mutate that · code: [infer.immutable]
