---
source: tests/ui/errors/mod.rs
---
  ✕ Type mismatch
   ╭─[test.lis:6:18]
 5 │ impl Counter {
 6 │   fn wrong(self: Point) -> int {
   ·                  ──┬──
   ·                    ╰── expected `Counter`, `Ref<Counter>`, or `mut Ref<Counter>`, found `Point`
 7 │     0
   ╰────
  help: Change the receiver type to `Counter` for a copy, `Ref<Counter>` to point at it, or `mut Ref<Counter>` to write through it · code: [infer.receiver_type_mismatch]
