---
source: tests/ui/errors/mod.rs
---
  ✕ Syntax error
   ╭─[test.lis:3:12]
 2 │ fn test() {
 3 │   let xs = make([]int, 0, 16)
   ·            ──┬─
   ·              ╰── Lisette has no `make` builtin
 4 │ }
   ╰────
  help: For `make([]T, 0, c)` use `Slice.new<T>().reserve(c)`. For a nonzero length, use `Slice.make<T>(n)` and `reserve` the extra capacity · code: [parse.go_make_builtin]
