---
source: tests/ui/errors/mod.rs
---
  ✕ Syntax error
   ╭─[test.lis:3:16]
 2 │ fn test() {
 3 │   let buffer = make([]byte, 1024)
   ·                ──┬─
   ·                  ╰── Lisette has no `make` builtin
 4 │ }
   ╰────
  help: Use `Slice.make<T>(n)` for a zero-filled slice · code: [parse.go_make_builtin]
