// Generated by Lisette bindgen
// Source: os/exec (Go stdlib)
// Go: 1.26.7
// Lisette: 0.12.1

import "go:context"
import "go:io"
import "go:os"
import "go:syscall"
import "go:time"

/// Command returns the [Cmd] struct to execute the named program with
/// the given arguments.
/// 
/// It sets only the Path and Args in the returned structure.
/// 
/// If name contains no path separators, Command uses [LookPath] to
/// resolve name to a complete path if possible. Otherwise it uses name
/// directly as Path.
/// 
/// The returned Cmd's Args field is constructed from the command name
/// followed by the elements of arg, so arg should not include the
/// command name itself. For example, Command("echo", "hello").
/// Args[0] is always name, not the possibly resolved Path.
/// 
/// On Windows, processes receive the whole command line as a single string
/// and do their own parsing. Command combines and quotes Args into a command
/// line string with an algorithm compatible with applications using
/// CommandLineToArgvW (which is the most common way). Notable exceptions are
/// msiexec.exe and cmd.exe (and thus, all batch files), which have a different
/// unquoting algorithm. In these or other similar cases, you can do the
/// quoting yourself and provide the full command line in SysProcAttr.CmdLine,
/// leaving Args empty.
pub fn Command(name: string, arg: VarArgs<string>) -> mut Ref<Cmd>

/// CommandContext is like [Command] but includes a context.
/// 
/// The provided context is used to interrupt the process
/// (by calling cmd.Cancel or [os.Process.Kill])
/// if the context becomes done before the command completes on its own.
/// 
/// CommandContext sets the command's Cancel function to invoke the Kill method
/// on its Process, and leaves its WaitDelay unset. The caller may change the
/// cancellation behavior by modifying those fields before starting the command.
pub fn CommandContext(
  ctx: context.Context,
  name: string,
  arg: VarArgs<string>,
) -> mut Ref<Cmd>

/// LookPath searches for an executable named file in the current path,
/// following the conventions of the host operating system.
/// If file contains a slash, it is tried directly and the default path is not consulted.
/// Otherwise, on success the result is an absolute path.
/// 
/// LookPath returns an error satisfying [errors.Is](err, [ErrDot])
/// if the resolved path is relative to the current directory.
/// See the package documentation for more details.
/// 
/// LookPath looks for an executable named file in the
/// directories named by the PATH environment variable,
/// except as described below.
/// 
///   - On Windows, the file must have an extension named by
///     the PATHEXT environment variable.
///     When PATHEXT is unset, the file must have
///     a ".com", ".exe", ".bat", or ".cmd" extension.
///   - On Plan 9, LookPath consults the path environment variable.
///     If file begins with "/", "#", "./", or "../", it is tried
///     directly and the path is not consulted.
///   - On Wasm, LookPath always returns an error.
pub fn LookPath(file: string) -> Partial<string, error>

/// Cmd represents an external command being prepared or run.
/// 
/// A Cmd cannot be reused after calling its [Cmd.Start], [Cmd.Run],
/// [Cmd.Output], or [Cmd.CombinedOutput] methods.
#[go(hidden_fields)]
pub struct Cmd {
  pub Path: string,
  pub Args: mut Slice<string>,
  pub Env: mut Slice<string>,
  pub Dir: string,
  pub Stdin: Option<io.Reader>,
  pub Stdout: Option<io.Writer>,
  pub Stderr: Option<io.Writer>,
  pub ExtraFiles: mut Slice<Option<mut Ref<os.File>>>,
  pub SysProcAttr: Option<mut Ref<syscall.SysProcAttr>>,
  pub Process: Option<mut Ref<os.Process>>,
  pub ProcessState: Option<mut Ref<os.ProcessState>>,
  pub Err: error,
  pub Cancel: Option<fn() -> Result<(), error>>,
  pub WaitDelay: time.Duration,
}

/// Error is returned by [LookPath] when it fails to classify a file as an
/// executable.
pub struct Error {
  pub Name: string,
  pub Err: error,
}

/// An ExitError reports an unsuccessful exit by a command.
pub struct ExitError {
  embed mut Ref<os.ProcessState>,
  pub Stderr: mut Slice<byte>,
}

/// ErrDot indicates that a path lookup resolved to an executable
/// in the current directory due to ‘.’ being in the path, either
/// implicitly or explicitly. See the package documentation for details.
/// 
/// Note that functions in this package do not return ErrDot directly.
/// Code should use errors.Is(err, ErrDot), not err == ErrDot,
/// to test whether a returned error err is due to this condition.
pub var ErrDot: error

/// ErrNotFound is the error resulting if a path search failed to find an executable file.
pub var ErrNotFound: error

/// ErrWaitDelay is returned by [Cmd.Wait] if the process exits with a
/// successful status code but its output pipes are not closed before the
/// command's WaitDelay expires.
pub var ErrWaitDelay: error

impl Cmd {
  /// CombinedOutput runs the command and returns its combined standard
  /// output and standard error.
  fn CombinedOutput(self: mut Ref<Cmd>) -> Result<Slice<byte>, error>

  /// Environ returns a copy of the environment in which the command would be run
  /// as it is currently configured.
  fn Environ(self: Ref<Cmd>) -> mut Slice<string>

  /// Output runs the command and returns its standard output.
  /// Any returned error will usually be of type [*ExitError].
  /// If c.Stderr was nil and the returned error is of type
  /// [*ExitError], Output populates the Stderr field of the
  /// returned error.
  fn Output(self: mut Ref<Cmd>) -> Result<Slice<byte>, error>

  /// Run starts the specified command and waits for it to complete.
  /// 
  /// The returned error is nil if the command runs, has no problems
  /// copying stdin, stdout, and stderr, and exits with a zero exit
  /// status.
  /// 
  /// If the command starts but does not complete successfully, the error is of
  /// type [*ExitError]. Other error types may be returned for other situations.
  /// 
  /// If the calling goroutine has locked the operating system thread
  /// with [runtime.LockOSThread] and modified any inheritable OS-level
  /// thread state (for example, Linux or Plan 9 name spaces), the new
  /// process will inherit the caller's thread state.
  fn Run(self: mut Ref<Cmd>) -> Result<(), error>

  /// Start starts the specified command but does not wait for it to complete.
  /// 
  /// If Start returns successfully, the c.Process field will be set.
  /// 
  /// After a successful call to Start the [Cmd.Wait] method must be called in
  /// order to release associated system resources.
  fn Start(self: mut Ref<Cmd>) -> Result<(), error>

  /// StderrPipe returns a pipe that will be connected to the command's
  /// standard error when the command starts.
  /// 
  /// [Cmd.Wait] will close the pipe after seeing the command exit, so most callers
  /// need not close the pipe themselves. It is thus incorrect to call Wait
  /// before all reads from the pipe have completed.
  /// For the same reason, it is incorrect to use [Cmd.Run] when using StderrPipe.
  /// See the StdoutPipe example for idiomatic usage.
  fn StderrPipe(self: mut Ref<Cmd>) -> Result<io.ReadCloser, error>

  /// StdinPipe returns a pipe that will be connected to the command's
  /// standard input when the command starts.
  /// The pipe will be closed automatically after [Cmd.Wait] sees the command exit.
  /// A caller need only call Close to force the pipe to close sooner.
  /// For example, if the command being run will not exit until standard input
  /// is closed, the caller must close the pipe.
  fn StdinPipe(self: mut Ref<Cmd>) -> Result<io.WriteCloser, error>

  /// StdoutPipe returns a pipe that will be connected to the command's
  /// standard output when the command starts.
  /// 
  /// [Cmd.Wait] will close the pipe after seeing the command exit, so most callers
  /// need not close the pipe themselves. It is thus incorrect to call Wait
  /// before all reads from the pipe have completed.
  /// For the same reason, it is incorrect to call [Cmd.Run] when using StdoutPipe.
  /// See the example for idiomatic usage.
  fn StdoutPipe(self: mut Ref<Cmd>) -> Result<io.ReadCloser, error>

  /// String returns a human-readable description of c.
  /// It is intended only for debugging.
  /// In particular, it is not suitable for use as input to a shell.
  /// The output of String may vary across Go releases.
  fn String(self: Ref<Cmd>) -> string

  /// Wait waits for the command to exit and waits for any copying to
  /// stdin or copying from stdout or stderr to complete.
  /// 
  /// The command must have been started by [Cmd.Start].
  /// 
  /// The returned error is nil if the command runs, has no problems
  /// copying stdin, stdout, and stderr, and exits with a zero exit
  /// status.
  /// 
  /// If the command fails to run or doesn't complete successfully, the
  /// error is of type [*ExitError]. Other error types may be
  /// returned for I/O problems.
  /// 
  /// If any of c.Stdin, c.Stdout or c.Stderr are not an [*os.File], Wait also waits
  /// for the respective I/O loop copying to or from the process to complete.
  /// 
  /// Wait releases any resources associated with the [Cmd].
  fn Wait(self: mut Ref<Cmd>) -> Result<(), error>
}

impl Error {
  fn Error(self: Ref<Error>) -> string

  fn Unwrap(self: Ref<Error>) -> Option<error>
}

impl ExitError {
  fn Error(self: Ref<ExitError>) -> string
}
